=== 测试结果: 660 通过, 0 失败 ===

