
=== 完整数据测试 ===
✅ [APA][journal] 完整数据
   输出: Laemmli, U. K. (1970). Cleavage of structural proteins during the assembly of the head of bacteriophage t4. *Nature*, *227*(5259), 680-685, https://doi.org/10.1038/227680a0.
✅ [APA][book] 完整数据
   输出: Laemmli, U. K. (1970). *Cleavage of structural proteins during the assembly of the head of bacteriophage t4*. Nature Publishing Group.
✅ [APA][conference] 完整数据
   输出: Laemmli, U. K. (1970). Cleavage of structural proteins during the assembly of the head of bacteriophage t4. In *International Conference on Molecular Biology*, pp. 680-685, Nature Publishing Group.
✅ [APA][thesis] 完整数据
   输出: Laemmli, U. K. (1970). *Cleavage of structural proteins during the assembly of the head of bacteriophage t4*. [Doctoral dissertation, Harvard University].
✅ [APA][web] 完整数据
   输出: Laemmli, U. K. (1970). Cleavage of structural proteins during the assembly of the head of bacteriophage t4. *Example Website*. https://example.com.
✅ [MLA][journal] 完整数据
   输出: Laemmli, U. K, "Cleavage of Structural Proteins During the Assembly of the Head of Bacteriophage T4", *Nature*, vol. 227, no. 5259, 1970, pp. 680-685.
✅ [MLA][book] 完整数据
   输出: Laemmli, U. K, *Cleavage of Structural Proteins During the Assembly of the Head of Bacteriophage T4*, Nature Publishing Group, 1970.
✅ [MLA][conference] 完整数据
   输出: Laemmli, U. K, "Cleavage of Structural Proteins During the Assembly of the Head of Bacteriophage T4", *International Conference on Molecular Biology*, 1970, pp. 680-685.
✅ [MLA][thesis] 完整数据
   输出: Laemmli, U. K. "Cleavage of Structural Proteins During the Assembly of the Head of Bacteriophage T4". Doctoral dissertation, Harvard University, 1970.
✅ [MLA][web] 完整数据
   输出: Laemmli, U. K. "Cleavage of Structural Proteins During the Assembly of the Head of Bacteriophage T4". Example Website. 2024-01-01. https://example.com. Accessed 2024-01-15.
✅ [CHICAGO][journal] 完整数据
   输出: Laemmli, U. K "Cleavage of Structural Proteins During the Assembly of the Head of Bacteriophage T4." *Nature* 227 no. 5259 (1970) : 680-685.
✅ [CHICAGO][book] 完整数据
   输出: Laemmli, U. K. *Cleavage of Structural Proteins During the Assembly of the Head of Bacteriophage T4*. New York: Nature Publishing Group, 1970.
✅ [CHICAGO][conference] 完整数据
   输出: Laemmli, U. K. "Cleavage of Structural Proteins During the Assembly of the Head of Bacteriophage T4.". In *International Conference on Molecular Biology*, pp. 680-685, Nature Publishing Group, 1970.
✅ [CHICAGO][thesis] 完整数据
   输出: Laemmli, U. K. "Cleavage of Structural Proteins During the Assembly of the Head of Bacteriophage T4.". Doctoral dissertation, Harvard University, 1970.
✅ [CHICAGO][web] 完整数据
   输出: Laemmli, U. K. "Cleavage of Structural Proteins During the Assembly of the Head of Bacteriophage T4.". Example Website. Accessed 2024-01-15. https://example.com.
✅ [GBT7714][journal] 完整数据
   输出: Laemmli U K. Cleavage of Structural Proteins during the Assembly of the Head of Bacteriophage T4[J]. Nature, 1970, 227(5259): 680-685.
✅ [GBT7714][book] 完整数据
   输出: Laemmli U K. Cleavage of Structural Proteins during the Assembly of the Head of Bacteriophage T4[M]. New York: Nature Publishing Group, 1970.
✅ [GBT7714][conference] 完整数据
   输出: Laemmli U K. Cleavage of Structural Proteins during the Assembly of the Head of Bacteriophage T4[C].//International Conference on Molecular Biology. New York: Nature Publishing Group, 1970: 680-685.
✅ [GBT7714][thesis] 完整数据
   输出: Laemmli U K. Cleavage of Structural Proteins during the Assembly of the Head of Bacteriophage T4[D]. : Harvard University, 1970.
❌ [GBT7714][web] 完整数据
   输出: Laemmli U K. Cleavage of Structural Proteins during the Assembly of the Head of Bacteriophage T4[EB/OL]. ()[2024-01-15]. https://example.com
   问题: 缺少末尾句号, 空括号
✅ [IEEE][journal] 完整数据
   输出: U. K. Laemmli, "Cleavage of Structural Proteins during the Assembly of the Head of Bacteriophage T4", *Nature*, vol. 227, no. 5259, pp. 680-685, Aug 1970.
✅ [IEEE][book] 完整数据
   输出: U. K. Laemmli, *Cleavage of Structural Proteins during the Assembly of the Head of Bacteriophage T4*, New York: Nature Publishing Group, 1970.
✅ [IEEE][conference] 完整数据
   输出: U. K. Laemmli, "Cleavage of Structural Proteins during the Assembly of the Head of Bacteriophage T4", in *International Conference on Molecular Biology*, pp. 680-685, Nature Publishing Group, 1970.
✅ [IEEE][thesis] 完整数据
   输出: U. K. Laemmli, "Cleavage of Structural Proteins during the Assembly of the Head of Bacteriophage T4", Ph.D. dissertation, Harvard University, 1970.
✅ [IEEE][web] 完整数据
   输出: U. K. Laemmli, "Cleavage of Structural Proteins during the Assembly of the Head of Bacteriophage T4", Example Website, 2024-01-01. [Online]. Available: https://example.com.
✅ [HARVARD][journal] 完整数据
   输出: Laemmli, U. K. 1970. Cleavage of structural proteins during the assembly of the head of bacteriophage t4. *Nature*, 227(5259), pp. 680-685.
✅ [HARVARD][book] 完整数据
   输出: Laemmli, U. K. 1970. *Cleavage of structural proteins during the assembly of the head of bacteriophage t4*. New York: Nature Publishing Group.
✅ [HARVARD][conference] 完整数据
   输出: Laemmli, U. K. 1970. Cleavage of structural proteins during the assembly of the head of bacteriophage t4. In: *International Conference on Molecular Biology*, pp. 680-685, Nature Publishing Group.
✅ [HARVARD][thesis] 完整数据
   输出: Laemmli, U. K. 1970. *Cleavage of structural proteins during the assembly of the head of bacteriophage t4*. Harvard University.
✅ [HARVARD][web] 完整数据
   输出: Laemmli, U. K. 1970. Cleavage of structural proteins during the assembly of the head of bacteriophage t4. Example Website. Available from: https://example.com (Accessed: 2024-01-15).

=== 缺失单个字段测试 ===
✅ [APA][journal] 缺失 journal
   输出: Laemmli, U. K. (1970). Cleavage of structural proteins during the assembly of the head of bacteriophage t4. *227*(5259), 680-685, https://doi.org/10.1038/227680a0.
✅ [APA][book] 缺失 journal
   输出: Laemmli, U. K. (1970). *Cleavage of structural proteins during the assembly of the head of bacteriophage t4*. Nature Publishing Group.
✅ [APA][conference] 缺失 journal
   输出: Laemmli, U. K. (1970). Cleavage of structural proteins during the assembly of the head of bacteriophage t4. In *International Conference on Molecular Biology*, pp. 680-685, Nature Publishing Group.
✅ [APA][thesis] 缺失 journal
   输出: Laemmli, U. K. (1970). *Cleavage of structural proteins during the assembly of the head of bacteriophage t4*. [Doctoral dissertation, Harvard University].
✅ [APA][web] 缺失 journal
   输出: Laemmli, U. K. (1970). Cleavage of structural proteins during the assembly of the head of bacteriophage t4. *Example Website*. https://example.com.
✅ [MLA][journal] 缺失 journal
   输出: Laemmli, U. K, "Cleavage of Structural Proteins During the Assembly of the Head of Bacteriophage T4", vol. 227, no. 5259, 1970, pp. 680-685.
✅ [MLA][book] 缺失 journal
   输出: Laemmli, U. K, *Cleavage of Structural Proteins During the Assembly of the Head of Bacteriophage T4*, Nature Publishing Group, 1970.
✅ [MLA][conference] 缺失 journal
   输出: Laemmli, U. K, "Cleavage of Structural Proteins During the Assembly of the Head of Bacteriophage T4", *International Conference on Molecular Biology*, 1970, pp. 680-685.
✅ [MLA][thesis] 缺失 journal
   输出: Laemmli, U. K. "Cleavage of Structural Proteins During the Assembly of the Head of Bacteriophage T4". Doctoral dissertation, Harvard University, 1970.
✅ [MLA][web] 缺失 journal
   输出: Laemmli, U. K. "Cleavage of Structural Proteins During the Assembly of the Head of Bacteriophage T4". Example Website. 2024-01-01. https://example.com. Accessed 2024-01-15.
✅ [CHICAGO][journal] 缺失 journal
   输出: Laemmli, U. K "Cleavage of Structural Proteins During the Assembly of the Head of Bacteriophage T4." 227 no. 5259 (1970) : 680-685.
✅ [CHICAGO][book] 缺失 journal
   输出: Laemmli, U. K. *Cleavage of Structural Proteins During the Assembly of the Head of Bacteriophage T4*. New York: Nature Publishing Group, 1970.
✅ [CHICAGO][conference] 缺失 journal
   输出: Laemmli, U. K. "Cleavage of Structural Proteins During the Assembly of the Head of Bacteriophage T4.". In *International Conference on Molecular Biology*, pp. 680-685, Nature Publishing Group, 1970.
✅ [CHICAGO][thesis] 缺失 journal
   输出: Laemmli, U. K. "Cleavage of Structural Proteins During the Assembly of the Head of Bacteriophage T4.". Doctoral dissertation, Harvard University, 1970.
✅ [CHICAGO][web] 缺失 journal
   输出: Laemmli, U. K. "Cleavage of Structural Proteins During the Assembly of the Head of Bacteriophage T4.". Example Website. Accessed 2024-01-15. https://example.com.
✅ [GBT7714][journal] 缺失 journal
   输出: Laemmli U K. Cleavage of Structural Proteins during the Assembly of the Head of Bacteriophage T4[J]. 1970, 227(5259): 680-685.
✅ [GBT7714][book] 缺失 journal
   输出: Laemmli U K. Cleavage of Structural Proteins during the Assembly of the Head of Bacteriophage T4[M]. New York: Nature Publishing Group, 1970.
✅ [GBT7714][conference] 缺失 journal
   输出: Laemmli U K. Cleavage of Structural Proteins during the Assembly of the Head of Bacteriophage T4[C].//International Conference on Molecular Biology. New York: Nature Publishing Group, 1970: 680-685.
✅ [GBT7714][thesis] 缺失 journal
   输出: Laemmli U K. Cleavage of Structural Proteins during the Assembly of the Head of Bacteriophage T4[D]. : Harvard University, 1970.
❌ [GBT7714][web] 缺失 journal
   输出: Laemmli U K. Cleavage of Structural Proteins during the Assembly of the Head of Bacteriophage T4[EB/OL]. ()[2024-01-15]. https://example.com
   问题: 缺少末尾句号, 空括号
✅ [IEEE][journal] 缺失 journal
   输出: U. K. Laemmli, "Cleavage of Structural Proteins during the Assembly of the Head of Bacteriophage T4", vol. 227, no. 5259, pp. 680-685, Aug 1970.
✅ [IEEE][book] 缺失 journal
   输出: U. K. Laemmli, *Cleavage of Structural Proteins during the Assembly of the Head of Bacteriophage T4*, New York: Nature Publishing Group, 1970.
✅ [IEEE][conference] 缺失 journal
   输出: U. K. Laemmli, "Cleavage of Structural Proteins during the Assembly of the Head of Bacteriophage T4", in *International Conference on Molecular Biology*, pp. 680-685, Nature Publishing Group, 1970.
✅ [IEEE][thesis] 缺失 journal
   输出: U. K. Laemmli, "Cleavage of Structural Proteins during the Assembly of the Head of Bacteriophage T4", Ph.D. dissertation, Harvard University, 1970.
✅ [IEEE][web] 缺失 journal
   输出: U. K. Laemmli, "Cleavage of Structural Proteins during the Assembly of the Head of Bacteriophage T4", Example Website, 2024-01-01. [Online]. Available: https://example.com.
✅ [HARVARD][journal] 缺失 journal
   输出: Laemmli, U. K. 1970. Cleavage of structural proteins during the assembly of the head of bacteriophage t4, 227(5259), pp. 680-685.
✅ [HARVARD][book] 缺失 journal
   输出: Laemmli, U. K. 1970. *Cleavage of structural proteins during the assembly of the head of bacteriophage t4*. New York: Nature Publishing Group.
✅ [HARVARD][conference] 缺失 journal
   输出: Laemmli, U. K. 1970. Cleavage of structural proteins during the assembly of the head of bacteriophage t4. In: *International Conference on Molecular Biology*, pp. 680-685, Nature Publishing Group.
✅ [HARVARD][thesis] 缺失 journal
   输出: Laemmli, U. K. 1970. *Cleavage of structural proteins during the assembly of the head of bacteriophage t4*. Harvard University.
✅ [HARVARD][web] 缺失 journal
   输出: Laemmli, U. K. 1970. Cleavage of structural proteins during the assembly of the head of bacteriophage t4. Example Website. Available from: https://example.com (Accessed: 2024-01-15).
✅ [APA][journal] 缺失 year
   输出: Laemmli, U. K. (n.d.). Cleavage of structural proteins during the assembly of the head of bacteriophage t4. *Nature*, *227*(5259), 680-685, https://doi.org/10.1038/227680a0.
✅ [APA][book] 缺失 year
   输出: Laemmli, U. K. (n.d.). *Cleavage of structural proteins during the assembly of the head of bacteriophage t4*. Nature Publishing Group.
✅ [APA][conference] 缺失 year
   输出: Laemmli, U. K. (n.d.). Cleavage of structural proteins during the assembly of the head of bacteriophage t4. In *International Conference on Molecular Biology*, pp. 680-685, Nature Publishing Group.
✅ [APA][thesis] 缺失 year
   输出: Laemmli, U. K. (n.d.). *Cleavage of structural proteins during the assembly of the head of bacteriophage t4*. [Doctoral dissertation, Harvard University].
✅ [APA][web] 缺失 year
   输出: Laemmli, U. K. (n.d.). Cleavage of structural proteins during the assembly of the head of bacteriophage t4. *Example Website*. https://example.com.
✅ [MLA][journal] 缺失 year
   输出: Laemmli, U. K, "Cleavage of Structural Proteins During the Assembly of the Head of Bacteriophage T4", *Nature*, vol. 227, no. 5259, pp. 680-685.
✅ [MLA][book] 缺失 year
   输出: Laemmli, U. K, *Cleavage of Structural Proteins During the Assembly of the Head of Bacteriophage T4*, Nature Publishing Group.
✅ [MLA][conference] 缺失 year
   输出: Laemmli, U. K, "Cleavage of Structural Proteins During the Assembly of the Head of Bacteriophage T4", *International Conference on Molecular Biology*, pp. 680-685.
✅ [MLA][thesis] 缺失 year
   输出: Laemmli, U. K. "Cleavage of Structural Proteins During the Assembly of the Head of Bacteriophage T4". Doctoral dissertation, Harvard University.
✅ [MLA][web] 缺失 year
   输出: Laemmli, U. K. "Cleavage of Structural Proteins During the Assembly of the Head of Bacteriophage T4". Example Website. 2024-01-01. https://example.com. Accessed 2024-01-15.
✅ [CHICAGO][journal] 缺失 year
   输出: Laemmli, U. K "Cleavage of Structural Proteins During the Assembly of the Head of Bacteriophage T4." *Nature* 227 no. 5259 : 680-685.
✅ [CHICAGO][book] 缺失 year
   输出: Laemmli, U. K. *Cleavage of Structural Proteins During the Assembly of the Head of Bacteriophage T4*. New York: Nature Publishing Group.
✅ [CHICAGO][conference] 缺失 year
   输出: Laemmli, U. K. "Cleavage of Structural Proteins During the Assembly of the Head of Bacteriophage T4.". In *International Conference on Molecular Biology*, pp. 680-685, Nature Publishing Group.
✅ [CHICAGO][thesis] 缺失 year
   输出: Laemmli, U. K. "Cleavage of Structural Proteins During the Assembly of the Head of Bacteriophage T4.". Doctoral dissertation, Harvard University.
✅ [CHICAGO][web] 缺失 year
   输出: Laemmli, U. K. "Cleavage of Structural Proteins During the Assembly of the Head of Bacteriophage T4.". Example Website. Accessed 2024-01-15. https://example.com.
✅ [GBT7714][journal] 缺失 year
   输出: Laemmli U K. Cleavage of Structural Proteins during the Assembly of the Head of Bacteriophage T4[J]. Nature, 227(5259): 680-685.
✅ [GBT7714][book] 缺失 year
   输出: Laemmli U K. Cleavage of Structural Proteins during the Assembly of the Head of Bacteriophage T4[M]. New York: Nature Publishing Group.
✅ [GBT7714][conference] 缺失 year
   输出: Laemmli U K. Cleavage of Structural Proteins during the Assembly of the Head of Bacteriophage T4[C].//International Conference on Molecular Biology. New York: Nature Publishing Group,: 680-685.
✅ [GBT7714][thesis] 缺失 year
   输出: Laemmli U K. Cleavage of Structural Proteins during the Assembly of the Head of Bacteriophage T4[D]. : Harvard University.
❌ [GBT7714][web] 缺失 year
   输出: Laemmli U K. Cleavage of Structural Proteins during the Assembly of the Head of Bacteriophage T4[EB/OL]. ()[2024-01-15]. https://example.com
   问题: 缺少末尾句号, 空括号
✅ [IEEE][journal] 缺失 year
   输出: U. K. Laemmli, "Cleavage of Structural Proteins during the Assembly of the Head of Bacteriophage T4", *Nature*, vol. 227, no. 5259, pp. 680-685, Aug.
✅ [IEEE][book] 缺失 year
   输出: U. K. Laemmli, *Cleavage of Structural Proteins during the Assembly of the Head of Bacteriophage T4*, New York: Nature Publishing Group.
✅ [IEEE][conference] 缺失 year
   输出: U. K. Laemmli, "Cleavage of Structural Proteins during the Assembly of the Head of Bacteriophage T4", in *International Conference on Molecular Biology*, pp. 680-685, Nature Publishing Group.
✅ [IEEE][thesis] 缺失 year
   输出: U. K. Laemmli, "Cleavage of Structural Proteins during the Assembly of the Head of Bacteriophage T4", Ph.D. dissertation, Harvard University.
✅ [IEEE][web] 缺失 year
   输出: U. K. Laemmli, "Cleavage of Structural Proteins during the Assembly of the Head of Bacteriophage T4", Example Website, 2024-01-01. [Online]. Available: https://example.com.
✅ [HARVARD][journal] 缺失 year
   输出: Laemmli, U. K. Cleavage of structural proteins during the assembly of the head of bacteriophage t4. *Nature*, 227(5259), pp. 680-685.
✅ [HARVARD][book] 缺失 year
   输出: Laemmli, U. K. *Cleavage of structural proteins during the assembly of the head of bacteriophage t4*. New York: Nature Publishing Group.
✅ [HARVARD][conference] 缺失 year
   输出: Laemmli, U. K. Cleavage of structural proteins during the assembly of the head of bacteriophage t4. In: *International Conference on Molecular Biology*, pp. 680-685, Nature Publishing Group.
✅ [HARVARD][thesis] 缺失 year
   输出: Laemmli, U. K. *Cleavage of structural proteins during the assembly of the head of bacteriophage t4*. Harvard University.
✅ [HARVARD][web] 缺失 year
   输出: Laemmli, U. K. Cleavage of structural proteins during the assembly of the head of bacteriophage t4. Example Website. Available from: https://example.com (Accessed: 2024-01-15).
✅ [APA][journal] 缺失 pages
   输出: Laemmli, U. K. (1970). Cleavage of structural proteins during the assembly of the head of bacteriophage t4. *Nature*, *227*(5259), https://doi.org/10.1038/227680a0.
✅ [APA][book] 缺失 pages
   输出: Laemmli, U. K. (1970). *Cleavage of structural proteins during the assembly of the head of bacteriophage t4*. Nature Publishing Group.
✅ [APA][conference] 缺失 pages
   输出: Laemmli, U. K. (1970). Cleavage of structural proteins during the assembly of the head of bacteriophage t4. In *International Conference on Molecular Biology*, Nature Publishing Group.
✅ [APA][thesis] 缺失 pages
   输出: Laemmli, U. K. (1970). *Cleavage of structural proteins during the assembly of the head of bacteriophage t4*. [Doctoral dissertation, Harvard University].
✅ [APA][web] 缺失 pages
   输出: Laemmli, U. K. (1970). Cleavage of structural proteins during the assembly of the head of bacteriophage t4. *Example Website*. https://example.com.
✅ [MLA][journal] 缺失 pages
   输出: Laemmli, U. K, "Cleavage of Structural Proteins During the Assembly of the Head of Bacteriophage T4", *Nature*, vol. 227, no. 5259, 1970.
✅ [MLA][book] 缺失 pages
   输出: Laemmli, U. K, *Cleavage of Structural Proteins During the Assembly of the Head of Bacteriophage T4*, Nature Publishing Group, 1970.
✅ [MLA][conference] 缺失 pages
   输出: Laemmli, U. K, "Cleavage of Structural Proteins During the Assembly of the Head of Bacteriophage T4", *International Conference on Molecular Biology*, 1970.
✅ [MLA][thesis] 缺失 pages
   输出: Laemmli, U. K. "Cleavage of Structural Proteins During the Assembly of the Head of Bacteriophage T4". Doctoral dissertation, Harvard University, 1970.
✅ [MLA][web] 缺失 pages
   输出: Laemmli, U. K. "Cleavage of Structural Proteins During the Assembly of the Head of Bacteriophage T4". Example Website. 2024-01-01. https://example.com. Accessed 2024-01-15.
✅ [CHICAGO][journal] 缺失 pages
   输出: Laemmli, U. K "Cleavage of Structural Proteins During the Assembly of the Head of Bacteriophage T4." *Nature* 227 no. 5259 (1970).
✅ [CHICAGO][book] 缺失 pages
   输出: Laemmli, U. K. *Cleavage of Structural Proteins During the Assembly of the Head of Bacteriophage T4*. New York: Nature Publishing Group, 1970.
✅ [CHICAGO][conference] 缺失 pages
   输出: Laemmli, U. K. "Cleavage of Structural Proteins During the Assembly of the Head of Bacteriophage T4.". In *International Conference on Molecular Biology*, Nature Publishing Group, 1970.
✅ [CHICAGO][thesis] 缺失 pages
   输出: Laemmli, U. K. "Cleavage of Structural Proteins During the Assembly of the Head of Bacteriophage T4.". Doctoral dissertation, Harvard University, 1970.
✅ [CHICAGO][web] 缺失 pages
   输出: Laemmli, U. K. "Cleavage of Structural Proteins During the Assembly of the Head of Bacteriophage T4.". Example Website. Accessed 2024-01-15. https://example.com.
✅ [GBT7714][journal] 缺失 pages
   输出: Laemmli U K. Cleavage of Structural Proteins during the Assembly of the Head of Bacteriophage T4[J]. Nature, 1970, 227(5259).
✅ [GBT7714][book] 缺失 pages
   输出: Laemmli U K. Cleavage of Structural Proteins during the Assembly of the Head of Bacteriophage T4[M]. New York: Nature Publishing Group, 1970.
✅ [GBT7714][conference] 缺失 pages
   输出: Laemmli U K. Cleavage of Structural Proteins during the Assembly of the Head of Bacteriophage T4[C].//International Conference on Molecular Biology. New York: Nature Publishing Group, 1970.
✅ [GBT7714][thesis] 缺失 pages
   输出: Laemmli U K. Cleavage of Structural Proteins during the Assembly of the Head of Bacteriophage T4[D]. : Harvard University, 1970.
❌ [GBT7714][web] 缺失 pages
   输出: Laemmli U K. Cleavage of Structural Proteins during the Assembly of the Head of Bacteriophage T4[EB/OL]. ()[2024-01-15]. https://example.com
   问题: 缺少末尾句号, 空括号
✅ [IEEE][journal] 缺失 pages
   输出: U. K. Laemmli, "Cleavage of Structural Proteins during the Assembly of the Head of Bacteriophage T4", *Nature*, vol. 227, no. 5259, Aug 1970.
✅ [IEEE][book] 缺失 pages
   输出: U. K. Laemmli, *Cleavage of Structural Proteins during the Assembly of the Head of Bacteriophage T4*, New York: Nature Publishing Group, 1970.
✅ [IEEE][conference] 缺失 pages
   输出: U. K. Laemmli, "Cleavage of Structural Proteins during the Assembly of the Head of Bacteriophage T4", in *International Conference on Molecular Biology*, Nature Publishing Group, 1970.
✅ [IEEE][thesis] 缺失 pages
   输出: U. K. Laemmli, "Cleavage of Structural Proteins during the Assembly of the Head of Bacteriophage T4", Ph.D. dissertation, Harvard University, 1970.
✅ [IEEE][web] 缺失 pages
   输出: U. K. Laemmli, "Cleavage of Structural Proteins during the Assembly of the Head of Bacteriophage T4", Example Website, 2024-01-01. [Online]. Available: https://example.com.
✅ [HARVARD][journal] 缺失 pages
   输出: Laemmli, U. K. 1970. Cleavage of structural proteins during the assembly of the head of bacteriophage t4. *Nature*, 227(5259).
✅ [HARVARD][book] 缺失 pages
   输出: Laemmli, U. K. 1970. *Cleavage of structural proteins during the assembly of the head of bacteriophage t4*. New York: Nature Publishing Group.
✅ [HARVARD][conference] 缺失 pages
   输出: Laemmli, U. K. 1970. Cleavage of structural proteins during the assembly of the head of bacteriophage t4. In: *International Conference on Molecular Biology*, Nature Publishing Group.
✅ [HARVARD][thesis] 缺失 pages
   输出: Laemmli, U. K. 1970. *Cleavage of structural proteins during the assembly of the head of bacteriophage t4*. Harvard University.
✅ [HARVARD][web] 缺失 pages
   输出: Laemmli, U. K. 1970. Cleavage of structural proteins during the assembly of the head of bacteriophage t4. Example Website. Available from: https://example.com (Accessed: 2024-01-15).
✅ [APA][journal] 缺失 publisher
   输出: Laemmli, U. K. (1970). Cleavage of structural proteins during the assembly of the head of bacteriophage t4. *Nature*, *227*(5259), 680-685, https://doi.org/10.1038/227680a0.
✅ [APA][book] 缺失 publisher
   输出: Laemmli, U. K. (1970). *Cleavage of structural proteins during the assembly of the head of bacteriophage t4*.
✅ [APA][conference] 缺失 publisher
   输出: Laemmli, U. K. (1970). Cleavage of structural proteins during the assembly of the head of bacteriophage t4. In *International Conference on Molecular Biology*, pp. 680-685.
✅ [APA][thesis] 缺失 publisher
   输出: Laemmli, U. K. (1970). *Cleavage of structural proteins during the assembly of the head of bacteriophage t4*. [Doctoral dissertation, Harvard University].
✅ [APA][web] 缺失 publisher
   输出: Laemmli, U. K. (1970). Cleavage of structural proteins during the assembly of the head of bacteriophage t4. *Example Website*. https://example.com.
✅ [MLA][journal] 缺失 publisher
   输出: Laemmli, U. K, "Cleavage of Structural Proteins During the Assembly of the Head of Bacteriophage T4", *Nature*, vol. 227, no. 5259, 1970, pp. 680-685.
✅ [MLA][book] 缺失 publisher
   输出: Laemmli, U. K, *Cleavage of Structural Proteins During the Assembly of the Head of Bacteriophage T4*, 1970.
✅ [MLA][conference] 缺失 publisher
   输出: Laemmli, U. K, "Cleavage of Structural Proteins During the Assembly of the Head of Bacteriophage T4", *International Conference on Molecular Biology*, 1970, pp. 680-685.
✅ [MLA][thesis] 缺失 publisher
   输出: Laemmli, U. K. "Cleavage of Structural Proteins During the Assembly of the Head of Bacteriophage T4". Doctoral dissertation, Harvard University, 1970.
✅ [MLA][web] 缺失 publisher
   输出: Laemmli, U. K. "Cleavage of Structural Proteins During the Assembly of the Head of Bacteriophage T4". Example Website. 2024-01-01. https://example.com. Accessed 2024-01-15.
✅ [CHICAGO][journal] 缺失 publisher
   输出: Laemmli, U. K "Cleavage of Structural Proteins During the Assembly of the Head of Bacteriophage T4." *Nature* 227 no. 5259 (1970) : 680-685.
✅ [CHICAGO][book] 缺失 publisher
   输出: Laemmli, U. K. *Cleavage of Structural Proteins During the Assembly of the Head of Bacteriophage T4*. New York, 1970.
✅ [CHICAGO][conference] 缺失 publisher
   输出: Laemmli, U. K. "Cleavage of Structural Proteins During the Assembly of the Head of Bacteriophage T4.". In *International Conference on Molecular Biology*, pp. 680-685, 1970.
✅ [CHICAGO][thesis] 缺失 publisher
   输出: Laemmli, U. K. "Cleavage of Structural Proteins During the Assembly of the Head of Bacteriophage T4.". Doctoral dissertation, Harvard University, 1970.
✅ [CHICAGO][web] 缺失 publisher
   输出: Laemmli, U. K. "Cleavage of Structural Proteins During the Assembly of the Head of Bacteriophage T4.". Example Website. Accessed 2024-01-15. https://example.com.
✅ [GBT7714][journal] 缺失 publisher
   输出: Laemmli U K. Cleavage of Structural Proteins during the Assembly of the Head of Bacteriophage T4[J]. Nature, 1970, 227(5259): 680-685.
❌ [GBT7714][book] 缺失 publisher
   输出: Laemmli U K. Cleavage of Structural Proteins during the Assembly of the Head of Bacteriophage T4[M]. New York: , 1970.
   问题: 空格+逗号
❌ [GBT7714][conference] 缺失 publisher
   输出: Laemmli U K. Cleavage of Structural Proteins during the Assembly of the Head of Bacteriophage T4[C].//International Conference on Molecular Biology. New York: , 1970: 680-685.
   问题: 空格+逗号
✅ [GBT7714][thesis] 缺失 publisher
   输出: Laemmli U K. Cleavage of Structural Proteins during the Assembly of the Head of Bacteriophage T4[D]. : Harvard University, 1970.
❌ [GBT7714][web] 缺失 publisher
   输出: Laemmli U K. Cleavage of Structural Proteins during the Assembly of the Head of Bacteriophage T4[EB/OL]. ()[2024-01-15]. https://example.com
   问题: 缺少末尾句号, 空括号
✅ [IEEE][journal] 缺失 publisher
   输出: U. K. Laemmli, "Cleavage of Structural Proteins during the Assembly of the Head of Bacteriophage T4", *Nature*, vol. 227, no. 5259, pp. 680-685, Aug 1970.
✅ [IEEE][book] 缺失 publisher
   输出: U. K. Laemmli, *Cleavage of Structural Proteins during the Assembly of the Head of Bacteriophage T4*, New York, 1970.
✅ [IEEE][conference] 缺失 publisher
   输出: U. K. Laemmli, "Cleavage of Structural Proteins during the Assembly of the Head of Bacteriophage T4", in *International Conference on Molecular Biology*, pp. 680-685, 1970.
✅ [IEEE][thesis] 缺失 publisher
   输出: U. K. Laemmli, "Cleavage of Structural Proteins during the Assembly of the Head of Bacteriophage T4", Ph.D. dissertation, Harvard University, 1970.
✅ [IEEE][web] 缺失 publisher
   输出: U. K. Laemmli, "Cleavage of Structural Proteins during the Assembly of the Head of Bacteriophage T4", Example Website, 2024-01-01. [Online]. Available: https://example.com.
✅ [HARVARD][journal] 缺失 publisher
   输出: Laemmli, U. K. 1970. Cleavage of structural proteins during the assembly of the head of bacteriophage t4. *Nature*, 227(5259), pp. 680-685.
✅ [HARVARD][book] 缺失 publisher
   输出: Laemmli, U. K. 1970. *Cleavage of structural proteins during the assembly of the head of bacteriophage t4*. New York.
✅ [HARVARD][conference] 缺失 publisher
   输出: Laemmli, U. K. 1970. Cleavage of structural proteins during the assembly of the head of bacteriophage t4. In: *International Conference on Molecular Biology*, pp. 680-685.
✅ [HARVARD][thesis] 缺失 publisher
   输出: Laemmli, U. K. 1970. *Cleavage of structural proteins during the assembly of the head of bacteriophage t4*. Harvard University.
✅ [HARVARD][web] 缺失 publisher
   输出: Laemmli, U. K. 1970. Cleavage of structural proteins during the assembly of the head of bacteriophage t4. Example Website. Available from: https://example.com (Accessed: 2024-01-15).
✅ [APA][journal] 缺失 title
   输出: Laemmli, U. K. (1970). *Nature*, *227*(5259), 680-685, https://doi.org/10.1038/227680a0.
❌ [APA][book] 缺失 title
   输出: Laemmli, U. K. (1970). **. Nature Publishing Group.
   问题: 双星号
✅ [APA][conference] 缺失 title
   输出: Laemmli, U. K. (1970). In *International Conference on Molecular Biology*, pp. 680-685, Nature Publishing Group.
❌ [APA][thesis] 缺失 title
   输出: Laemmli, U. K. (1970). **. [Doctoral dissertation, Harvard University].
   问题: 双星号
✅ [APA][web] 缺失 title
   输出: Laemmli, U. K. (1970). *Example Website*. https://example.com.
✅ [MLA][journal] 缺失 title
   输出: Laemmli, U. K, *Nature*, vol. 227, no. 5259, 1970, pp. 680-685.
✅ [MLA][book] 缺失 title
   输出: Laemmli, U. K, Nature Publishing Group, 1970.
✅ [MLA][conference] 缺失 title
   输出: Laemmli, U. K, *International Conference on Molecular Biology*, 1970, pp. 680-685.
✅ [MLA][thesis] 缺失 title
   输出: Laemmli, U. K. Doctoral dissertation, Harvard University, 1970.
✅ [MLA][web] 缺失 title
   输出: Laemmli, U. K. Example Website. 2024-01-01. https://example.com. Accessed 2024-01-15.
✅ [CHICAGO][journal] 缺失 title
   输出: Laemmli, U. K *Nature* 227 no. 5259 (1970) : 680-685.
✅ [CHICAGO][book] 缺失 title
   输出: Laemmli, U. K. New York: Nature Publishing Group, 1970.
✅ [CHICAGO][conference] 缺失 title
   输出: Laemmli, U. K. In *International Conference on Molecular Biology*, pp. 680-685, Nature Publishing Group, 1970.
✅ [CHICAGO][thesis] 缺失 title
   输出: Laemmli, U. K. Doctoral dissertation, Harvard University, 1970.
✅ [CHICAGO][web] 缺失 title
   输出: Laemmli, U. K. Example Website. Accessed 2024-01-15. https://example.com.
✅ [GBT7714][journal] 缺失 title
   输出: Laemmli U K. [J]. Nature, 1970, 227(5259): 680-685.
✅ [GBT7714][book] 缺失 title
   输出: Laemmli U K. [M]. New York: Nature Publishing Group, 1970.
✅ [GBT7714][conference] 缺失 title
   输出: Laemmli U K. [C].//International Conference on Molecular Biology. New York: Nature Publishing Group, 1970: 680-685.
✅ [GBT7714][thesis] 缺失 title
   输出: Laemmli U K. [D]. : Harvard University, 1970.
❌ [GBT7714][web] 缺失 title
   输出: Laemmli U K. [EB/OL]. ()[2024-01-15]. https://example.com
   问题: 缺少末尾句号, 空括号
✅ [IEEE][journal] 缺失 title
   输出: U. K. Laemmli, *Nature*, vol. 227, no. 5259, pp. 680-685, Aug 1970.
✅ [IEEE][book] 缺失 title
   输出: U. K. Laemmli, New York: Nature Publishing Group, 1970.
✅ [IEEE][conference] 缺失 title
   输出: U. K. Laemmli, in *International Conference on Molecular Biology*, pp. 680-685, Nature Publishing Group, 1970.
✅ [IEEE][thesis] 缺失 title
   输出: U. K. Laemmli, Ph.D. dissertation, Harvard University, 1970.
✅ [IEEE][web] 缺失 title
   输出: U. K. Laemmli, Example Website, 2024-01-01. [Online]. Available: https://example.com.
✅ [HARVARD][journal] 缺失 title
   输出: Laemmli, U. K. 1970. *Nature*, 227(5259), pp. 680-685.
✅ [HARVARD][book] 缺失 title
   输出: Laemmli, U. K. 1970. New York: Nature Publishing Group.
✅ [HARVARD][conference] 缺失 title
   输出: Laemmli, U. K. 1970. In: *International Conference on Molecular Biology*, pp. 680-685, Nature Publishing Group.
✅ [HARVARD][thesis] 缺失 title
   输出: Laemmli, U. K. 1970. Harvard University.
✅ [HARVARD][web] 缺失 title
   输出: Laemmli, U. K. 1970. Example Website. Available from: https://example.com (Accessed: 2024-01-15).
✅ [APA][journal] 缺失 volume
   输出: Laemmli, U. K. (1970). Cleavage of structural proteins during the assembly of the head of bacteriophage t4. *Nature*, (5259), 680-685, https://doi.org/10.1038/227680a0.
✅ [APA][book] 缺失 volume
   输出: Laemmli, U. K. (1970). *Cleavage of structural proteins during the assembly of the head of bacteriophage t4*. Nature Publishing Group.
✅ [APA][conference] 缺失 volume
   输出: Laemmli, U. K. (1970). Cleavage of structural proteins during the assembly of the head of bacteriophage t4. In *International Conference on Molecular Biology*, pp. 680-685, Nature Publishing Group.
✅ [APA][thesis] 缺失 volume
   输出: Laemmli, U. K. (1970). *Cleavage of structural proteins during the assembly of the head of bacteriophage t4*. [Doctoral dissertation, Harvard University].
✅ [APA][web] 缺失 volume
   输出: Laemmli, U. K. (1970). Cleavage of structural proteins during the assembly of the head of bacteriophage t4. *Example Website*. https://example.com.
✅ [MLA][journal] 缺失 volume
   输出: Laemmli, U. K, "Cleavage of Structural Proteins During the Assembly of the Head of Bacteriophage T4", *Nature*, no. 5259, 1970, pp. 680-685.
✅ [MLA][book] 缺失 volume
   输出: Laemmli, U. K, *Cleavage of Structural Proteins During the Assembly of the Head of Bacteriophage T4*, Nature Publishing Group, 1970.
✅ [MLA][conference] 缺失 volume
   输出: Laemmli, U. K, "Cleavage of Structural Proteins During the Assembly of the Head of Bacteriophage T4", *International Conference on Molecular Biology*, 1970, pp. 680-685.
✅ [MLA][thesis] 缺失 volume
   输出: Laemmli, U. K. "Cleavage of Structural Proteins During the Assembly of the Head of Bacteriophage T4". Doctoral dissertation, Harvard University, 1970.
✅ [MLA][web] 缺失 volume
   输出: Laemmli, U. K. "Cleavage of Structural Proteins During the Assembly of the Head of Bacteriophage T4". Example Website. 2024-01-01. https://example.com. Accessed 2024-01-15.
✅ [CHICAGO][journal] 缺失 volume
   输出: Laemmli, U. K "Cleavage of Structural Proteins During the Assembly of the Head of Bacteriophage T4." *Nature* no. 5259 (1970) : 680-685.
✅ [CHICAGO][book] 缺失 volume
   输出: Laemmli, U. K. *Cleavage of Structural Proteins During the Assembly of the Head of Bacteriophage T4*. New York: Nature Publishing Group, 1970.
✅ [CHICAGO][conference] 缺失 volume
   输出: Laemmli, U. K. "Cleavage of Structural Proteins During the Assembly of the Head of Bacteriophage T4.". In *International Conference on Molecular Biology*, pp. 680-685, Nature Publishing Group, 1970.
✅ [CHICAGO][thesis] 缺失 volume
   输出: Laemmli, U. K. "Cleavage of Structural Proteins During the Assembly of the Head of Bacteriophage T4.". Doctoral dissertation, Harvard University, 1970.
✅ [CHICAGO][web] 缺失 volume
   输出: Laemmli, U. K. "Cleavage of Structural Proteins During the Assembly of the Head of Bacteriophage T4.". Example Website. Accessed 2024-01-15. https://example.com.
✅ [GBT7714][journal] 缺失 volume
   输出: Laemmli U K. Cleavage of Structural Proteins during the Assembly of the Head of Bacteriophage T4[J]. Nature, 1970, (5259): 680-685.
✅ [GBT7714][book] 缺失 volume
   输出: Laemmli U K. Cleavage of Structural Proteins during the Assembly of the Head of Bacteriophage T4[M]. New York: Nature Publishing Group, 1970.
✅ [GBT7714][conference] 缺失 volume
   输出: Laemmli U K. Cleavage of Structural Proteins during the Assembly of the Head of Bacteriophage T4[C].//International Conference on Molecular Biology. New York: Nature Publishing Group, 1970: 680-685.
✅ [GBT7714][thesis] 缺失 volume
   输出: Laemmli U K. Cleavage of Structural Proteins during the Assembly of the Head of Bacteriophage T4[D]. : Harvard University, 1970.
❌ [GBT7714][web] 缺失 volume
   输出: Laemmli U K. Cleavage of Structural Proteins during the Assembly of the Head of Bacteriophage T4[EB/OL]. ()[2024-01-15]. https://example.com
   问题: 缺少末尾句号, 空括号
✅ [IEEE][journal] 缺失 volume
   输出: U. K. Laemmli, "Cleavage of Structural Proteins during the Assembly of the Head of Bacteriophage T4", *Nature*, no. 5259, pp. 680-685, Aug 1970.
✅ [IEEE][book] 缺失 volume
   输出: U. K. Laemmli, *Cleavage of Structural Proteins during the Assembly of the Head of Bacteriophage T4*, New York: Nature Publishing Group, 1970.
✅ [IEEE][conference] 缺失 volume
   输出: U. K. Laemmli, "Cleavage of Structural Proteins during the Assembly of the Head of Bacteriophage T4", in *International Conference on Molecular Biology*, pp. 680-685, Nature Publishing Group, 1970.
✅ [IEEE][thesis] 缺失 volume
   输出: U. K. Laemmli, "Cleavage of Structural Proteins during the Assembly of the Head of Bacteriophage T4", Ph.D. dissertation, Harvard University, 1970.
✅ [IEEE][web] 缺失 volume
   输出: U. K. Laemmli, "Cleavage of Structural Proteins during the Assembly of the Head of Bacteriophage T4", Example Website, 2024-01-01. [Online]. Available: https://example.com.
✅ [HARVARD][journal] 缺失 volume
   输出: Laemmli, U. K. 1970. Cleavage of structural proteins during the assembly of the head of bacteriophage t4. *Nature*, (5259), pp. 680-685.
✅ [HARVARD][book] 缺失 volume
   输出: Laemmli, U. K. 1970. *Cleavage of structural proteins during the assembly of the head of bacteriophage t4*. New York: Nature Publishing Group.
✅ [HARVARD][conference] 缺失 volume
   输出: Laemmli, U. K. 1970. Cleavage of structural proteins during the assembly of the head of bacteriophage t4. In: *International Conference on Molecular Biology*, pp. 680-685, Nature Publishing Group.
✅ [HARVARD][thesis] 缺失 volume
   输出: Laemmli, U. K. 1970. *Cleavage of structural proteins during the assembly of the head of bacteriophage t4*. Harvard University.
✅ [HARVARD][web] 缺失 volume
   输出: Laemmli, U. K. 1970. Cleavage of structural proteins during the assembly of the head of bacteriophage t4. Example Website. Available from: https://example.com (Accessed: 2024-01-15).
✅ [APA][journal] 缺失 issue
   输出: Laemmli, U. K. (1970). Cleavage of structural proteins during the assembly of the head of bacteriophage t4. *Nature*, *227*, 680-685, https://doi.org/10.1038/227680a0.
✅ [APA][book] 缺失 issue
   输出: Laemmli, U. K. (1970). *Cleavage of structural proteins during the assembly of the head of bacteriophage t4*. Nature Publishing Group.
✅ [APA][conference] 缺失 issue
   输出: Laemmli, U. K. (1970). Cleavage of structural proteins during the assembly of the head of bacteriophage t4. In *International Conference on Molecular Biology*, pp. 680-685, Nature Publishing Group.
✅ [APA][thesis] 缺失 issue
   输出: Laemmli, U. K. (1970). *Cleavage of structural proteins during the assembly of the head of bacteriophage t4*. [Doctoral dissertation, Harvard University].
✅ [APA][web] 缺失 issue
   输出: Laemmli, U. K. (1970). Cleavage of structural proteins during the assembly of the head of bacteriophage t4. *Example Website*. https://example.com.
✅ [MLA][journal] 缺失 issue
   输出: Laemmli, U. K, "Cleavage of Structural Proteins During the Assembly of the Head of Bacteriophage T4", *Nature*, vol. 227, 1970, pp. 680-685.
✅ [MLA][book] 缺失 issue
   输出: Laemmli, U. K, *Cleavage of Structural Proteins During the Assembly of the Head of Bacteriophage T4*, Nature Publishing Group, 1970.
✅ [MLA][conference] 缺失 issue
   输出: Laemmli, U. K, "Cleavage of Structural Proteins During the Assembly of the Head of Bacteriophage T4", *International Conference on Molecular Biology*, 1970, pp. 680-685.
✅ [MLA][thesis] 缺失 issue
   输出: Laemmli, U. K. "Cleavage of Structural Proteins During the Assembly of the Head of Bacteriophage T4". Doctoral dissertation, Harvard University, 1970.
✅ [MLA][web] 缺失 issue
   输出: Laemmli, U. K. "Cleavage of Structural Proteins During the Assembly of the Head of Bacteriophage T4". Example Website. 2024-01-01. https://example.com. Accessed 2024-01-15.
✅ [CHICAGO][journal] 缺失 issue
   输出: Laemmli, U. K "Cleavage of Structural Proteins During the Assembly of the Head of Bacteriophage T4." *Nature* 227 (1970) : 680-685.
✅ [CHICAGO][book] 缺失 issue
   输出: Laemmli, U. K. *Cleavage of Structural Proteins During the Assembly of the Head of Bacteriophage T4*. New York: Nature Publishing Group, 1970.
✅ [CHICAGO][conference] 缺失 issue
   输出: Laemmli, U. K. "Cleavage of Structural Proteins During the Assembly of the Head of Bacteriophage T4.". In *International Conference on Molecular Biology*, pp. 680-685, Nature Publishing Group, 1970.
✅ [CHICAGO][thesis] 缺失 issue
   输出: Laemmli, U. K. "Cleavage of Structural Proteins During the Assembly of the Head of Bacteriophage T4.". Doctoral dissertation, Harvard University, 1970.
✅ [CHICAGO][web] 缺失 issue
   输出: Laemmli, U. K. "Cleavage of Structural Proteins During the Assembly of the Head of Bacteriophage T4.". Example Website. Accessed 2024-01-15. https://example.com.
✅ [GBT7714][journal] 缺失 issue
   输出: Laemmli U K. Cleavage of Structural Proteins during the Assembly of the Head of Bacteriophage T4[J]. Nature, 1970, 227: 680-685.
✅ [GBT7714][book] 缺失 issue
   输出: Laemmli U K. Cleavage of Structural Proteins during the Assembly of the Head of Bacteriophage T4[M]. New York: Nature Publishing Group, 1970.
✅ [GBT7714][conference] 缺失 issue
   输出: Laemmli U K. Cleavage of Structural Proteins during the Assembly of the Head of Bacteriophage T4[C].//International Conference on Molecular Biology. New York: Nature Publishing Group, 1970: 680-685.
✅ [GBT7714][thesis] 缺失 issue
   输出: Laemmli U K. Cleavage of Structural Proteins during the Assembly of the Head of Bacteriophage T4[D]. : Harvard University, 1970.
❌ [GBT7714][web] 缺失 issue
   输出: Laemmli U K. Cleavage of Structural Proteins during the Assembly of the Head of Bacteriophage T4[EB/OL]. ()[2024-01-15]. https://example.com
   问题: 缺少末尾句号, 空括号
✅ [IEEE][journal] 缺失 issue
   输出: U. K. Laemmli, "Cleavage of Structural Proteins during the Assembly of the Head of Bacteriophage T4", *Nature*, vol. 227, pp. 680-685, Aug 1970.
✅ [IEEE][book] 缺失 issue
   输出: U. K. Laemmli, *Cleavage of Structural Proteins during the Assembly of the Head of Bacteriophage T4*, New York: Nature Publishing Group, 1970.
✅ [IEEE][conference] 缺失 issue
   输出: U. K. Laemmli, "Cleavage of Structural Proteins during the Assembly of the Head of Bacteriophage T4", in *International Conference on Molecular Biology*, pp. 680-685, Nature Publishing Group, 1970.
✅ [IEEE][thesis] 缺失 issue
   输出: U. K. Laemmli, "Cleavage of Structural Proteins during the Assembly of the Head of Bacteriophage T4", Ph.D. dissertation, Harvard University, 1970.
✅ [IEEE][web] 缺失 issue
   输出: U. K. Laemmli, "Cleavage of Structural Proteins during the Assembly of the Head of Bacteriophage T4", Example Website, 2024-01-01. [Online]. Available: https://example.com.
✅ [HARVARD][journal] 缺失 issue
   输出: Laemmli, U. K. 1970. Cleavage of structural proteins during the assembly of the head of bacteriophage t4. *Nature*, 227, pp. 680-685.
✅ [HARVARD][book] 缺失 issue
   输出: Laemmli, U. K. 1970. *Cleavage of structural proteins during the assembly of the head of bacteriophage t4*. New York: Nature Publishing Group.
✅ [HARVARD][conference] 缺失 issue
   输出: Laemmli, U. K. 1970. Cleavage of structural proteins during the assembly of the head of bacteriophage t4. In: *International Conference on Molecular Biology*, pp. 680-685, Nature Publishing Group.
✅ [HARVARD][thesis] 缺失 issue
   输出: Laemmli, U. K. 1970. *Cleavage of structural proteins during the assembly of the head of bacteriophage t4*. Harvard University.
✅ [HARVARD][web] 缺失 issue
   输出: Laemmli, U. K. 1970. Cleavage of structural proteins during the assembly of the head of bacteriophage t4. Example Website. Available from: https://example.com (Accessed: 2024-01-15).
✅ [APA][journal] 缺失 doi
   输出: Laemmli, U. K. (1970). Cleavage of structural proteins during the assembly of the head of bacteriophage t4. *Nature*, *227*(5259), 680-685.
✅ [APA][book] 缺失 doi
   输出: Laemmli, U. K. (1970). *Cleavage of structural proteins during the assembly of the head of bacteriophage t4*. Nature Publishing Group.
✅ [APA][conference] 缺失 doi
   输出: Laemmli, U. K. (1970). Cleavage of structural proteins during the assembly of the head of bacteriophage t4. In *International Conference on Molecular Biology*, pp. 680-685, Nature Publishing Group.
✅ [APA][thesis] 缺失 doi
   输出: Laemmli, U. K. (1970). *Cleavage of structural proteins during the assembly of the head of bacteriophage t4*. [Doctoral dissertation, Harvard University].
✅ [APA][web] 缺失 doi
   输出: Laemmli, U. K. (1970). Cleavage of structural proteins during the assembly of the head of bacteriophage t4. *Example Website*. https://example.com.
✅ [MLA][journal] 缺失 doi
   输出: Laemmli, U. K, "Cleavage of Structural Proteins During the Assembly of the Head of Bacteriophage T4", *Nature*, vol. 227, no. 5259, 1970, pp. 680-685.
✅ [MLA][book] 缺失 doi
   输出: Laemmli, U. K, *Cleavage of Structural Proteins During the Assembly of the Head of Bacteriophage T4*, Nature Publishing Group, 1970.
✅ [MLA][conference] 缺失 doi
   输出: Laemmli, U. K, "Cleavage of Structural Proteins During the Assembly of the Head of Bacteriophage T4", *International Conference on Molecular Biology*, 1970, pp. 680-685.
✅ [MLA][thesis] 缺失 doi
   输出: Laemmli, U. K. "Cleavage of Structural Proteins During the Assembly of the Head of Bacteriophage T4". Doctoral dissertation, Harvard University, 1970.
✅ [MLA][web] 缺失 doi
   输出: Laemmli, U. K. "Cleavage of Structural Proteins During the Assembly of the Head of Bacteriophage T4". Example Website. 2024-01-01. https://example.com. Accessed 2024-01-15.
✅ [CHICAGO][journal] 缺失 doi
   输出: Laemmli, U. K "Cleavage of Structural Proteins During the Assembly of the Head of Bacteriophage T4." *Nature* 227 no. 5259 (1970) : 680-685.
✅ [CHICAGO][book] 缺失 doi
   输出: Laemmli, U. K. *Cleavage of Structural Proteins During the Assembly of the Head of Bacteriophage T4*. New York: Nature Publishing Group, 1970.
✅ [CHICAGO][conference] 缺失 doi
   输出: Laemmli, U. K. "Cleavage of Structural Proteins During the Assembly of the Head of Bacteriophage T4.". In *International Conference on Molecular Biology*, pp. 680-685, Nature Publishing Group, 1970.
✅ [CHICAGO][thesis] 缺失 doi
   输出: Laemmli, U. K. "Cleavage of Structural Proteins During the Assembly of the Head of Bacteriophage T4.". Doctoral dissertation, Harvard University, 1970.
✅ [CHICAGO][web] 缺失 doi
   输出: Laemmli, U. K. "Cleavage of Structural Proteins During the Assembly of the Head of Bacteriophage T4.". Example Website. Accessed 2024-01-15. https://example.com.
✅ [GBT7714][journal] 缺失 doi
   输出: Laemmli U K. Cleavage of Structural Proteins during the Assembly of the Head of Bacteriophage T4[J]. Nature, 1970, 227(5259): 680-685.
✅ [GBT7714][book] 缺失 doi
   输出: Laemmli U K. Cleavage of Structural Proteins during the Assembly of the Head of Bacteriophage T4[M]. New York: Nature Publishing Group, 1970.
✅ [GBT7714][conference] 缺失 doi
   输出: Laemmli U K. Cleavage of Structural Proteins during the Assembly of the Head of Bacteriophage T4[C].//International Conference on Molecular Biology. New York: Nature Publishing Group, 1970: 680-685.
✅ [GBT7714][thesis] 缺失 doi
   输出: Laemmli U K. Cleavage of Structural Proteins during the Assembly of the Head of Bacteriophage T4[D]. : Harvard University, 1970.
❌ [GBT7714][web] 缺失 doi
   输出: Laemmli U K. Cleavage of Structural Proteins during the Assembly of the Head of Bacteriophage T4[EB/OL]. ()[2024-01-15]. https://example.com
   问题: 缺少末尾句号, 空括号
✅ [IEEE][journal] 缺失 doi
   输出: U. K. Laemmli, "Cleavage of Structural Proteins during the Assembly of the Head of Bacteriophage T4", *Nature*, vol. 227, no. 5259, pp. 680-685, Aug 1970.
✅ [IEEE][book] 缺失 doi
   输出: U. K. Laemmli, *Cleavage of Structural Proteins during the Assembly of the Head of Bacteriophage T4*, New York: Nature Publishing Group, 1970.
✅ [IEEE][conference] 缺失 doi
   输出: U. K. Laemmli, "Cleavage of Structural Proteins during the Assembly of the Head of Bacteriophage T4", in *International Conference on Molecular Biology*, pp. 680-685, Nature Publishing Group, 1970.
✅ [IEEE][thesis] 缺失 doi
   输出: U. K. Laemmli, "Cleavage of Structural Proteins during the Assembly of the Head of Bacteriophage T4", Ph.D. dissertation, Harvard University, 1970.
✅ [IEEE][web] 缺失 doi
   输出: U. K. Laemmli, "Cleavage of Structural Proteins during the Assembly of the Head of Bacteriophage T4", Example Website, 2024-01-01. [Online]. Available: https://example.com.
✅ [HARVARD][journal] 缺失 doi
   输出: Laemmli, U. K. 1970. Cleavage of structural proteins during the assembly of the head of bacteriophage t4. *Nature*, 227(5259), pp. 680-685.
✅ [HARVARD][book] 缺失 doi
   输出: Laemmli, U. K. 1970. *Cleavage of structural proteins during the assembly of the head of bacteriophage t4*. New York: Nature Publishing Group.
✅ [HARVARD][conference] 缺失 doi
   输出: Laemmli, U. K. 1970. Cleavage of structural proteins during the assembly of the head of bacteriophage t4. In: *International Conference on Molecular Biology*, pp. 680-685, Nature Publishing Group.
✅ [HARVARD][thesis] 缺失 doi
   输出: Laemmli, U. K. 1970. *Cleavage of structural proteins during the assembly of the head of bacteriophage t4*. Harvard University.
✅ [HARVARD][web] 缺失 doi
   输出: Laemmli, U. K. 1970. Cleavage of structural proteins during the assembly of the head of bacteriophage t4. Example Website. Available from: https://example.com (Accessed: 2024-01-15).
✅ [APA][journal] 缺失 conference
   输出: Laemmli, U. K. (1970). Cleavage of structural proteins during the assembly of the head of bacteriophage t4. *Nature*, *227*(5259), 680-685, https://doi.org/10.1038/227680a0.
✅ [APA][book] 缺失 conference
   输出: Laemmli, U. K. (1970). *Cleavage of structural proteins during the assembly of the head of bacteriophage t4*. Nature Publishing Group.
✅ [APA][conference] 缺失 conference
   输出: Laemmli, U. K. (1970). Cleavage of structural proteins during the assembly of the head of bacteriophage t4. pp. 680-685, Nature Publishing Group.
✅ [APA][thesis] 缺失 conference
   输出: Laemmli, U. K. (1970). *Cleavage of structural proteins during the assembly of the head of bacteriophage t4*. [Doctoral dissertation, Harvard University].
✅ [APA][web] 缺失 conference
   输出: Laemmli, U. K. (1970). Cleavage of structural proteins during the assembly of the head of bacteriophage t4. *Example Website*. https://example.com.
✅ [MLA][journal] 缺失 conference
   输出: Laemmli, U. K, "Cleavage of Structural Proteins During the Assembly of the Head of Bacteriophage T4", *Nature*, vol. 227, no. 5259, 1970, pp. 680-685.
✅ [MLA][book] 缺失 conference
   输出: Laemmli, U. K, *Cleavage of Structural Proteins During the Assembly of the Head of Bacteriophage T4*, Nature Publishing Group, 1970.
✅ [MLA][conference] 缺失 conference
   输出: Laemmli, U. K, "Cleavage of Structural Proteins During the Assembly of the Head of Bacteriophage T4", 1970, pp. 680-685.
✅ [MLA][thesis] 缺失 conference
   输出: Laemmli, U. K. "Cleavage of Structural Proteins During the Assembly of the Head of Bacteriophage T4". Doctoral dissertation, Harvard University, 1970.
✅ [MLA][web] 缺失 conference
   输出: Laemmli, U. K. "Cleavage of Structural Proteins During the Assembly of the Head of Bacteriophage T4". Example Website. 2024-01-01. https://example.com. Accessed 2024-01-15.
✅ [CHICAGO][journal] 缺失 conference
   输出: Laemmli, U. K "Cleavage of Structural Proteins During the Assembly of the Head of Bacteriophage T4." *Nature* 227 no. 5259 (1970) : 680-685.
✅ [CHICAGO][book] 缺失 conference
   输出: Laemmli, U. K. *Cleavage of Structural Proteins During the Assembly of the Head of Bacteriophage T4*. New York: Nature Publishing Group, 1970.
✅ [CHICAGO][conference] 缺失 conference
   输出: Laemmli, U. K. "Cleavage of Structural Proteins During the Assembly of the Head of Bacteriophage T4.". pp. 680-685, Nature Publishing Group, 1970.
✅ [CHICAGO][thesis] 缺失 conference
   输出: Laemmli, U. K. "Cleavage of Structural Proteins During the Assembly of the Head of Bacteriophage T4.". Doctoral dissertation, Harvard University, 1970.
✅ [CHICAGO][web] 缺失 conference
   输出: Laemmli, U. K. "Cleavage of Structural Proteins During the Assembly of the Head of Bacteriophage T4.". Example Website. Accessed 2024-01-15. https://example.com.
✅ [GBT7714][journal] 缺失 conference
   输出: Laemmli U K. Cleavage of Structural Proteins during the Assembly of the Head of Bacteriophage T4[J]. Nature, 1970, 227(5259): 680-685.
✅ [GBT7714][book] 缺失 conference
   输出: Laemmli U K. Cleavage of Structural Proteins during the Assembly of the Head of Bacteriophage T4[M]. New York: Nature Publishing Group, 1970.
✅ [GBT7714][conference] 缺失 conference
   输出: Laemmli U K. Cleavage of Structural Proteins during the Assembly of the Head of Bacteriophage T4[C]. New York: Nature Publishing Group, 1970: 680-685.
✅ [GBT7714][thesis] 缺失 conference
   输出: Laemmli U K. Cleavage of Structural Proteins during the Assembly of the Head of Bacteriophage T4[D]. : Harvard University, 1970.
❌ [GBT7714][web] 缺失 conference
   输出: Laemmli U K. Cleavage of Structural Proteins during the Assembly of the Head of Bacteriophage T4[EB/OL]. ()[2024-01-15]. https://example.com
   问题: 缺少末尾句号, 空括号
✅ [IEEE][journal] 缺失 conference
   输出: U. K. Laemmli, "Cleavage of Structural Proteins during the Assembly of the Head of Bacteriophage T4", *Nature*, vol. 227, no. 5259, pp. 680-685, Aug 1970.
✅ [IEEE][book] 缺失 conference
   输出: U. K. Laemmli, *Cleavage of Structural Proteins during the Assembly of the Head of Bacteriophage T4*, New York: Nature Publishing Group, 1970.
✅ [IEEE][conference] 缺失 conference
   输出: U. K. Laemmli, "Cleavage of Structural Proteins during the Assembly of the Head of Bacteriophage T4", pp. 680-685, Nature Publishing Group, 1970.
✅ [IEEE][thesis] 缺失 conference
   输出: U. K. Laemmli, "Cleavage of Structural Proteins during the Assembly of the Head of Bacteriophage T4", Ph.D. dissertation, Harvard University, 1970.
✅ [IEEE][web] 缺失 conference
   输出: U. K. Laemmli, "Cleavage of Structural Proteins during the Assembly of the Head of Bacteriophage T4", Example Website, 2024-01-01. [Online]. Available: https://example.com.
✅ [HARVARD][journal] 缺失 conference
   输出: Laemmli, U. K. 1970. Cleavage of structural proteins during the assembly of the head of bacteriophage t4. *Nature*, 227(5259), pp. 680-685.
✅ [HARVARD][book] 缺失 conference
   输出: Laemmli, U. K. 1970. *Cleavage of structural proteins during the assembly of the head of bacteriophage t4*. New York: Nature Publishing Group.
✅ [HARVARD][conference] 缺失 conference
   输出: Laemmli, U. K. 1970. Cleavage of structural proteins during the assembly of the head of bacteriophage t4. pp. 680-685, Nature Publishing Group.
✅ [HARVARD][thesis] 缺失 conference
   输出: Laemmli, U. K. 1970. *Cleavage of structural proteins during the assembly of the head of bacteriophage t4*. Harvard University.
✅ [HARVARD][web] 缺失 conference
   输出: Laemmli, U. K. 1970. Cleavage of structural proteins during the assembly of the head of bacteriophage t4. Example Website. Available from: https://example.com (Accessed: 2024-01-15).
✅ [APA][journal] 缺失 university
   输出: Laemmli, U. K. (1970). Cleavage of structural proteins during the assembly of the head of bacteriophage t4. *Nature*, *227*(5259), 680-685, https://doi.org/10.1038/227680a0.
✅ [APA][book] 缺失 university
   输出: Laemmli, U. K. (1970). *Cleavage of structural proteins during the assembly of the head of bacteriophage t4*. Nature Publishing Group.
✅ [APA][conference] 缺失 university
   输出: Laemmli, U. K. (1970). Cleavage of structural proteins during the assembly of the head of bacteriophage t4. In *International Conference on Molecular Biology*, pp. 680-685, Nature Publishing Group.
✅ [APA][thesis] 缺失 university
   输出: Laemmli, U. K. (1970). *Cleavage of structural proteins during the assembly of the head of bacteriophage t4*.
✅ [APA][web] 缺失 university
   输出: Laemmli, U. K. (1970). Cleavage of structural proteins during the assembly of the head of bacteriophage t4. *Example Website*. https://example.com.
✅ [MLA][journal] 缺失 university
   输出: Laemmli, U. K, "Cleavage of Structural Proteins During the Assembly of the Head of Bacteriophage T4", *Nature*, vol. 227, no. 5259, 1970, pp. 680-685.
✅ [MLA][book] 缺失 university
   输出: Laemmli, U. K, *Cleavage of Structural Proteins During the Assembly of the Head of Bacteriophage T4*, Nature Publishing Group, 1970.
✅ [MLA][conference] 缺失 university
   输出: Laemmli, U. K, "Cleavage of Structural Proteins During the Assembly of the Head of Bacteriophage T4", *International Conference on Molecular Biology*, 1970, pp. 680-685.
✅ [MLA][thesis] 缺失 university
   输出: Laemmli, U. K. "Cleavage of Structural Proteins During the Assembly of the Head of Bacteriophage T4". Doctoral dissertation, 1970.
✅ [MLA][web] 缺失 university
   输出: Laemmli, U. K. "Cleavage of Structural Proteins During the Assembly of the Head of Bacteriophage T4". Example Website. 2024-01-01. https://example.com. Accessed 2024-01-15.
✅ [CHICAGO][journal] 缺失 university
   输出: Laemmli, U. K "Cleavage of Structural Proteins During the Assembly of the Head of Bacteriophage T4." *Nature* 227 no. 5259 (1970) : 680-685.
✅ [CHICAGO][book] 缺失 university
   输出: Laemmli, U. K. *Cleavage of Structural Proteins During the Assembly of the Head of Bacteriophage T4*. New York: Nature Publishing Group, 1970.
✅ [CHICAGO][conference] 缺失 university
   输出: Laemmli, U. K. "Cleavage of Structural Proteins During the Assembly of the Head of Bacteriophage T4.". In *International Conference on Molecular Biology*, pp. 680-685, Nature Publishing Group, 1970.
✅ [CHICAGO][thesis] 缺失 university
   输出: Laemmli, U. K. "Cleavage of Structural Proteins During the Assembly of the Head of Bacteriophage T4.". Doctoral dissertation, 1970.
✅ [CHICAGO][web] 缺失 university
   输出: Laemmli, U. K. "Cleavage of Structural Proteins During the Assembly of the Head of Bacteriophage T4.". Example Website. Accessed 2024-01-15. https://example.com.
✅ [GBT7714][journal] 缺失 university
   输出: Laemmli U K. Cleavage of Structural Proteins during the Assembly of the Head of Bacteriophage T4[J]. Nature, 1970, 227(5259): 680-685.
✅ [GBT7714][book] 缺失 university
   输出: Laemmli U K. Cleavage of Structural Proteins during the Assembly of the Head of Bacteriophage T4[M]. New York: Nature Publishing Group, 1970.
✅ [GBT7714][conference] 缺失 university
   输出: Laemmli U K. Cleavage of Structural Proteins during the Assembly of the Head of Bacteriophage T4[C].//International Conference on Molecular Biology. New York: Nature Publishing Group, 1970: 680-685.
✅ [GBT7714][thesis] 缺失 university
   输出: Laemmli U K. Cleavage of Structural Proteins during the Assembly of the Head of Bacteriophage T4[D]. 1970.
❌ [GBT7714][web] 缺失 university
   输出: Laemmli U K. Cleavage of Structural Proteins during the Assembly of the Head of Bacteriophage T4[EB/OL]. ()[2024-01-15]. https://example.com
   问题: 缺少末尾句号, 空括号
✅ [IEEE][journal] 缺失 university
   输出: U. K. Laemmli, "Cleavage of Structural Proteins during the Assembly of the Head of Bacteriophage T4", *Nature*, vol. 227, no. 5259, pp. 680-685, Aug 1970.
✅ [IEEE][book] 缺失 university
   输出: U. K. Laemmli, *Cleavage of Structural Proteins during the Assembly of the Head of Bacteriophage T4*, New York: Nature Publishing Group, 1970.
✅ [IEEE][conference] 缺失 university
   输出: U. K. Laemmli, "Cleavage of Structural Proteins during the Assembly of the Head of Bacteriophage T4", in *International Conference on Molecular Biology*, pp. 680-685, Nature Publishing Group, 1970.
✅ [IEEE][thesis] 缺失 university
   输出: U. K. Laemmli, "Cleavage of Structural Proteins during the Assembly of the Head of Bacteriophage T4", Ph.D. dissertation, 1970.
✅ [IEEE][web] 缺失 university
   输出: U. K. Laemmli, "Cleavage of Structural Proteins during the Assembly of the Head of Bacteriophage T4", Example Website, 2024-01-01. [Online]. Available: https://example.com.
✅ [HARVARD][journal] 缺失 university
   输出: Laemmli, U. K. 1970. Cleavage of structural proteins during the assembly of the head of bacteriophage t4. *Nature*, 227(5259), pp. 680-685.
✅ [HARVARD][book] 缺失 university
   输出: Laemmli, U. K. 1970. *Cleavage of structural proteins during the assembly of the head of bacteriophage t4*. New York: Nature Publishing Group.
✅ [HARVARD][conference] 缺失 university
   输出: Laemmli, U. K. 1970. Cleavage of structural proteins during the assembly of the head of bacteriophage t4. In: *International Conference on Molecular Biology*, pp. 680-685, Nature Publishing Group.
✅ [HARVARD][thesis] 缺失 university
   输出: Laemmli, U. K. 1970. *Cleavage of structural proteins during the assembly of the head of bacteriophage t4*.
✅ [HARVARD][web] 缺失 university
   输出: Laemmli, U. K. 1970. Cleavage of structural proteins during the assembly of the head of bacteriophage t4. Example Website. Available from: https://example.com (Accessed: 2024-01-15).
✅ [APA][journal] 缺失 url
   输出: Laemmli, U. K. (1970). Cleavage of structural proteins during the assembly of the head of bacteriophage t4. *Nature*, *227*(5259), 680-685, https://doi.org/10.1038/227680a0.
✅ [APA][book] 缺失 url
   输出: Laemmli, U. K. (1970). *Cleavage of structural proteins during the assembly of the head of bacteriophage t4*. Nature Publishing Group.
✅ [APA][conference] 缺失 url
   输出: Laemmli, U. K. (1970). Cleavage of structural proteins during the assembly of the head of bacteriophage t4. In *International Conference on Molecular Biology*, pp. 680-685, Nature Publishing Group.
✅ [APA][thesis] 缺失 url
   输出: Laemmli, U. K. (1970). *Cleavage of structural proteins during the assembly of the head of bacteriophage t4*. [Doctoral dissertation, Harvard University].
✅ [APA][web] 缺失 url
   输出: Laemmli, U. K. (1970). Cleavage of structural proteins during the assembly of the head of bacteriophage t4. *Example Website*.
✅ [MLA][journal] 缺失 url
   输出: Laemmli, U. K, "Cleavage of Structural Proteins During the Assembly of the Head of Bacteriophage T4", *Nature*, vol. 227, no. 5259, 1970, pp. 680-685.
✅ [MLA][book] 缺失 url
   输出: Laemmli, U. K, *Cleavage of Structural Proteins During the Assembly of the Head of Bacteriophage T4*, Nature Publishing Group, 1970.
✅ [MLA][conference] 缺失 url
   输出: Laemmli, U. K, "Cleavage of Structural Proteins During the Assembly of the Head of Bacteriophage T4", *International Conference on Molecular Biology*, 1970, pp. 680-685.
✅ [MLA][thesis] 缺失 url
   输出: Laemmli, U. K. "Cleavage of Structural Proteins During the Assembly of the Head of Bacteriophage T4". Doctoral dissertation, Harvard University, 1970.
✅ [MLA][web] 缺失 url
   输出: Laemmli, U. K. "Cleavage of Structural Proteins During the Assembly of the Head of Bacteriophage T4". Example Website. 2024-01-01. Accessed 2024-01-15.
✅ [CHICAGO][journal] 缺失 url
   输出: Laemmli, U. K "Cleavage of Structural Proteins During the Assembly of the Head of Bacteriophage T4." *Nature* 227 no. 5259 (1970) : 680-685.
✅ [CHICAGO][book] 缺失 url
   输出: Laemmli, U. K. *Cleavage of Structural Proteins During the Assembly of the Head of Bacteriophage T4*. New York: Nature Publishing Group, 1970.
✅ [CHICAGO][conference] 缺失 url
   输出: Laemmli, U. K. "Cleavage of Structural Proteins During the Assembly of the Head of Bacteriophage T4.". In *International Conference on Molecular Biology*, pp. 680-685, Nature Publishing Group, 1970.
✅ [CHICAGO][thesis] 缺失 url
   输出: Laemmli, U. K. "Cleavage of Structural Proteins During the Assembly of the Head of Bacteriophage T4.". Doctoral dissertation, Harvard University, 1970.
✅ [CHICAGO][web] 缺失 url
   输出: Laemmli, U. K. "Cleavage of Structural Proteins During the Assembly of the Head of Bacteriophage T4.". Example Website. Accessed 2024-01-15.
✅ [GBT7714][journal] 缺失 url
   输出: Laemmli U K. Cleavage of Structural Proteins during the Assembly of the Head of Bacteriophage T4[J]. Nature, 1970, 227(5259): 680-685.
✅ [GBT7714][book] 缺失 url
   输出: Laemmli U K. Cleavage of Structural Proteins during the Assembly of the Head of Bacteriophage T4[M]. New York: Nature Publishing Group, 1970.
✅ [GBT7714][conference] 缺失 url
   输出: Laemmli U K. Cleavage of Structural Proteins during the Assembly of the Head of Bacteriophage T4[C].//International Conference on Molecular Biology. New York: Nature Publishing Group, 1970: 680-685.
✅ [GBT7714][thesis] 缺失 url
   输出: Laemmli U K. Cleavage of Structural Proteins during the Assembly of the Head of Bacteriophage T4[D]. : Harvard University, 1970.
❌ [GBT7714][web] 缺失 url
   输出: Laemmli U K. Cleavage of Structural Proteins during the Assembly of the Head of Bacteriophage T4[EB/OL]. ()[2024-01-15].
   问题: 空括号
✅ [IEEE][journal] 缺失 url
   输出: U. K. Laemmli, "Cleavage of Structural Proteins during the Assembly of the Head of Bacteriophage T4", *Nature*, vol. 227, no. 5259, pp. 680-685, Aug 1970.
✅ [IEEE][book] 缺失 url
   输出: U. K. Laemmli, *Cleavage of Structural Proteins during the Assembly of the Head of Bacteriophage T4*, New York: Nature Publishing Group, 1970.
✅ [IEEE][conference] 缺失 url
   输出: U. K. Laemmli, "Cleavage of Structural Proteins during the Assembly of the Head of Bacteriophage T4", in *International Conference on Molecular Biology*, pp. 680-685, Nature Publishing Group, 1970.
✅ [IEEE][thesis] 缺失 url
   输出: U. K. Laemmli, "Cleavage of Structural Proteins during the Assembly of the Head of Bacteriophage T4", Ph.D. dissertation, Harvard University, 1970.
✅ [IEEE][web] 缺失 url
   输出: U. K. Laemmli, "Cleavage of Structural Proteins during the Assembly of the Head of Bacteriophage T4", Example Website, 2024-01-01.
✅ [HARVARD][journal] 缺失 url
   输出: Laemmli, U. K. 1970. Cleavage of structural proteins during the assembly of the head of bacteriophage t4. *Nature*, 227(5259), pp. 680-685.
✅ [HARVARD][book] 缺失 url
   输出: Laemmli, U. K. 1970. *Cleavage of structural proteins during the assembly of the head of bacteriophage t4*. New York: Nature Publishing Group.
✅ [HARVARD][conference] 缺失 url
   输出: Laemmli, U. K. 1970. Cleavage of structural proteins during the assembly of the head of bacteriophage t4. In: *International Conference on Molecular Biology*, pp. 680-685, Nature Publishing Group.
✅ [HARVARD][thesis] 缺失 url
   输出: Laemmli, U. K. 1970. *Cleavage of structural proteins during the assembly of the head of bacteriophage t4*. Harvard University.
✅ [HARVARD][web] 缺失 url
   输出: Laemmli, U. K. 1970. Cleavage of structural proteins during the assembly of the head of bacteriophage t4. Example Website.
✅ [APA][journal] 缺失 website
   输出: Laemmli, U. K. (1970). Cleavage of structural proteins during the assembly of the head of bacteriophage t4. *Nature*, *227*(5259), 680-685, https://doi.org/10.1038/227680a0.
✅ [APA][book] 缺失 website
   输出: Laemmli, U. K. (1970). *Cleavage of structural proteins during the assembly of the head of bacteriophage t4*. Nature Publishing Group.
✅ [APA][conference] 缺失 website
   输出: Laemmli, U. K. (1970). Cleavage of structural proteins during the assembly of the head of bacteriophage t4. In *International Conference on Molecular Biology*, pp. 680-685, Nature Publishing Group.
✅ [APA][thesis] 缺失 website
   输出: Laemmli, U. K. (1970). *Cleavage of structural proteins during the assembly of the head of bacteriophage t4*. [Doctoral dissertation, Harvard University].
✅ [APA][web] 缺失 website
   输出: Laemmli, U. K. (1970). Cleavage of structural proteins during the assembly of the head of bacteriophage t4. https://example.com.
✅ [MLA][journal] 缺失 website
   输出: Laemmli, U. K, "Cleavage of Structural Proteins During the Assembly of the Head of Bacteriophage T4", *Nature*, vol. 227, no. 5259, 1970, pp. 680-685.
✅ [MLA][book] 缺失 website
   输出: Laemmli, U. K, *Cleavage of Structural Proteins During the Assembly of the Head of Bacteriophage T4*, Nature Publishing Group, 1970.
✅ [MLA][conference] 缺失 website
   输出: Laemmli, U. K, "Cleavage of Structural Proteins During the Assembly of the Head of Bacteriophage T4", *International Conference on Molecular Biology*, 1970, pp. 680-685.
✅ [MLA][thesis] 缺失 website
   输出: Laemmli, U. K. "Cleavage of Structural Proteins During the Assembly of the Head of Bacteriophage T4". Doctoral dissertation, Harvard University, 1970.
✅ [MLA][web] 缺失 website
   输出: Laemmli, U. K. "Cleavage of Structural Proteins During the Assembly of the Head of Bacteriophage T4". 2024-01-01. https://example.com. Accessed 2024-01-15.
✅ [CHICAGO][journal] 缺失 website
   输出: Laemmli, U. K "Cleavage of Structural Proteins During the Assembly of the Head of Bacteriophage T4." *Nature* 227 no. 5259 (1970) : 680-685.
✅ [CHICAGO][book] 缺失 website
   输出: Laemmli, U. K. *Cleavage of Structural Proteins During the Assembly of the Head of Bacteriophage T4*. New York: Nature Publishing Group, 1970.
✅ [CHICAGO][conference] 缺失 website
   输出: Laemmli, U. K. "Cleavage of Structural Proteins During the Assembly of the Head of Bacteriophage T4.". In *International Conference on Molecular Biology*, pp. 680-685, Nature Publishing Group, 1970.
✅ [CHICAGO][thesis] 缺失 website
   输出: Laemmli, U. K. "Cleavage of Structural Proteins During the Assembly of the Head of Bacteriophage T4.". Doctoral dissertation, Harvard University, 1970.
✅ [CHICAGO][web] 缺失 website
   输出: Laemmli, U. K. "Cleavage of Structural Proteins During the Assembly of the Head of Bacteriophage T4.". Accessed 2024-01-15. https://example.com.
✅ [GBT7714][journal] 缺失 website
   输出: Laemmli U K. Cleavage of Structural Proteins during the Assembly of the Head of Bacteriophage T4[J]. Nature, 1970, 227(5259): 680-685.
✅ [GBT7714][book] 缺失 website
   输出: Laemmli U K. Cleavage of Structural Proteins during the Assembly of the Head of Bacteriophage T4[M]. New York: Nature Publishing Group, 1970.
✅ [GBT7714][conference] 缺失 website
   输出: Laemmli U K. Cleavage of Structural Proteins during the Assembly of the Head of Bacteriophage T4[C].//International Conference on Molecular Biology. New York: Nature Publishing Group, 1970: 680-685.
✅ [GBT7714][thesis] 缺失 website
   输出: Laemmli U K. Cleavage of Structural Proteins during the Assembly of the Head of Bacteriophage T4[D]. : Harvard University, 1970.
❌ [GBT7714][web] 缺失 website
   输出: Laemmli U K. Cleavage of Structural Proteins during the Assembly of the Head of Bacteriophage T4[EB/OL]. ()[2024-01-15]. https://example.com
   问题: 缺少末尾句号, 空括号
✅ [IEEE][journal] 缺失 website
   输出: U. K. Laemmli, "Cleavage of Structural Proteins during the Assembly of the Head of Bacteriophage T4", *Nature*, vol. 227, no. 5259, pp. 680-685, Aug 1970.
✅ [IEEE][book] 缺失 website
   输出: U. K. Laemmli, *Cleavage of Structural Proteins during the Assembly of the Head of Bacteriophage T4*, New York: Nature Publishing Group, 1970.
✅ [IEEE][conference] 缺失 website
   输出: U. K. Laemmli, "Cleavage of Structural Proteins during the Assembly of the Head of Bacteriophage T4", in *International Conference on Molecular Biology*, pp. 680-685, Nature Publishing Group, 1970.
✅ [IEEE][thesis] 缺失 website
   输出: U. K. Laemmli, "Cleavage of Structural Proteins during the Assembly of the Head of Bacteriophage T4", Ph.D. dissertation, Harvard University, 1970.
✅ [IEEE][web] 缺失 website
   输出: U. K. Laemmli, "Cleavage of Structural Proteins during the Assembly of the Head of Bacteriophage T4", 2024-01-01. [Online]. Available: https://example.com.
✅ [HARVARD][journal] 缺失 website
   输出: Laemmli, U. K. 1970. Cleavage of structural proteins during the assembly of the head of bacteriophage t4. *Nature*, 227(5259), pp. 680-685.
✅ [HARVARD][book] 缺失 website
   输出: Laemmli, U. K. 1970. *Cleavage of structural proteins during the assembly of the head of bacteriophage t4*. New York: Nature Publishing Group.
✅ [HARVARD][conference] 缺失 website
   输出: Laemmli, U. K. 1970. Cleavage of structural proteins during the assembly of the head of bacteriophage t4. In: *International Conference on Molecular Biology*, pp. 680-685, Nature Publishing Group.
✅ [HARVARD][thesis] 缺失 website
   输出: Laemmli, U. K. 1970. *Cleavage of structural proteins during the assembly of the head of bacteriophage t4*. Harvard University.
✅ [HARVARD][web] 缺失 website
   输出: Laemmli, U. K. 1970. Cleavage of structural proteins during the assembly of the head of bacteriophage t4. Available from: https://example.com (Accessed: 2024-01-15).
✅ [APA][journal] 缺失 publish_place
   输出: Laemmli, U. K. (1970). Cleavage of structural proteins during the assembly of the head of bacteriophage t4. *Nature*, *227*(5259), 680-685, https://doi.org/10.1038/227680a0.
✅ [APA][book] 缺失 publish_place
   输出: Laemmli, U. K. (1970). *Cleavage of structural proteins during the assembly of the head of bacteriophage t4*. Nature Publishing Group.
✅ [APA][conference] 缺失 publish_place
   输出: Laemmli, U. K. (1970). Cleavage of structural proteins during the assembly of the head of bacteriophage t4. In *International Conference on Molecular Biology*, pp. 680-685, Nature Publishing Group.
✅ [APA][thesis] 缺失 publish_place
   输出: Laemmli, U. K. (1970). *Cleavage of structural proteins during the assembly of the head of bacteriophage t4*. [Doctoral dissertation, Harvard University].
✅ [APA][web] 缺失 publish_place
   输出: Laemmli, U. K. (1970). Cleavage of structural proteins during the assembly of the head of bacteriophage t4. *Example Website*. https://example.com.
✅ [MLA][journal] 缺失 publish_place
   输出: Laemmli, U. K, "Cleavage of Structural Proteins During the Assembly of the Head of Bacteriophage T4", *Nature*, vol. 227, no. 5259, 1970, pp. 680-685.
✅ [MLA][book] 缺失 publish_place
   输出: Laemmli, U. K, *Cleavage of Structural Proteins During the Assembly of the Head of Bacteriophage T4*, Nature Publishing Group, 1970.
✅ [MLA][conference] 缺失 publish_place
   输出: Laemmli, U. K, "Cleavage of Structural Proteins During the Assembly of the Head of Bacteriophage T4", *International Conference on Molecular Biology*, 1970, pp. 680-685.
✅ [MLA][thesis] 缺失 publish_place
   输出: Laemmli, U. K. "Cleavage of Structural Proteins During the Assembly of the Head of Bacteriophage T4". Doctoral dissertation, Harvard University, 1970.
✅ [MLA][web] 缺失 publish_place
   输出: Laemmli, U. K. "Cleavage of Structural Proteins During the Assembly of the Head of Bacteriophage T4". Example Website. 2024-01-01. https://example.com. Accessed 2024-01-15.
✅ [CHICAGO][journal] 缺失 publish_place
   输出: Laemmli, U. K "Cleavage of Structural Proteins During the Assembly of the Head of Bacteriophage T4." *Nature* 227 no. 5259 (1970) : 680-685.
✅ [CHICAGO][book] 缺失 publish_place
   输出: Laemmli, U. K. *Cleavage of Structural Proteins During the Assembly of the Head of Bacteriophage T4*. Nature Publishing Group, 1970.
✅ [CHICAGO][conference] 缺失 publish_place
   输出: Laemmli, U. K. "Cleavage of Structural Proteins During the Assembly of the Head of Bacteriophage T4.". In *International Conference on Molecular Biology*, pp. 680-685, Nature Publishing Group, 1970.
✅ [CHICAGO][thesis] 缺失 publish_place
   输出: Laemmli, U. K. "Cleavage of Structural Proteins During the Assembly of the Head of Bacteriophage T4.". Doctoral dissertation, Harvard University, 1970.
✅ [CHICAGO][web] 缺失 publish_place
   输出: Laemmli, U. K. "Cleavage of Structural Proteins During the Assembly of the Head of Bacteriophage T4.". Example Website. Accessed 2024-01-15. https://example.com.
✅ [GBT7714][journal] 缺失 publish_place
   输出: Laemmli U K. Cleavage of Structural Proteins during the Assembly of the Head of Bacteriophage T4[J]. Nature, 1970, 227(5259): 680-685.
✅ [GBT7714][book] 缺失 publish_place
   输出: Laemmli U K. Cleavage of Structural Proteins during the Assembly of the Head of Bacteriophage T4[M]. : Nature Publishing Group, 1970.
✅ [GBT7714][conference] 缺失 publish_place
   输出: Laemmli U K. Cleavage of Structural Proteins during the Assembly of the Head of Bacteriophage T4[C].//International Conference on Molecular Biology. Nature Publishing Group, 1970: 680-685.
✅ [GBT7714][thesis] 缺失 publish_place
   输出: Laemmli U K. Cleavage of Structural Proteins during the Assembly of the Head of Bacteriophage T4[D]. : Harvard University, 1970.
❌ [GBT7714][web] 缺失 publish_place
   输出: Laemmli U K. Cleavage of Structural Proteins during the Assembly of the Head of Bacteriophage T4[EB/OL]. ()[2024-01-15]. https://example.com
   问题: 缺少末尾句号, 空括号
✅ [IEEE][journal] 缺失 publish_place
   输出: U. K. Laemmli, "Cleavage of Structural Proteins during the Assembly of the Head of Bacteriophage T4", *Nature*, vol. 227, no. 5259, pp. 680-685, Aug 1970.
✅ [IEEE][book] 缺失 publish_place
   输出: U. K. Laemmli, *Cleavage of Structural Proteins during the Assembly of the Head of Bacteriophage T4*, Nature Publishing Group, 1970.
✅ [IEEE][conference] 缺失 publish_place
   输出: U. K. Laemmli, "Cleavage of Structural Proteins during the Assembly of the Head of Bacteriophage T4", in *International Conference on Molecular Biology*, pp. 680-685, Nature Publishing Group, 1970.
✅ [IEEE][thesis] 缺失 publish_place
   输出: U. K. Laemmli, "Cleavage of Structural Proteins during the Assembly of the Head of Bacteriophage T4", Ph.D. dissertation, Harvard University, 1970.
✅ [IEEE][web] 缺失 publish_place
   输出: U. K. Laemmli, "Cleavage of Structural Proteins during the Assembly of the Head of Bacteriophage T4", Example Website, 2024-01-01. [Online]. Available: https://example.com.
✅ [HARVARD][journal] 缺失 publish_place
   输出: Laemmli, U. K. 1970. Cleavage of structural proteins during the assembly of the head of bacteriophage t4. *Nature*, 227(5259), pp. 680-685.
✅ [HARVARD][book] 缺失 publish_place
   输出: Laemmli, U. K. 1970. *Cleavage of structural proteins during the assembly of the head of bacteriophage t4*. Nature Publishing Group.
✅ [HARVARD][conference] 缺失 publish_place
   输出: Laemmli, U. K. 1970. Cleavage of structural proteins during the assembly of the head of bacteriophage t4. In: *International Conference on Molecular Biology*, pp. 680-685, Nature Publishing Group.
✅ [HARVARD][thesis] 缺失 publish_place
   输出: Laemmli, U. K. 1970. *Cleavage of structural proteins during the assembly of the head of bacteriophage t4*. Harvard University.
✅ [HARVARD][web] 缺失 publish_place
   输出: Laemmli, U. K. 1970. Cleavage of structural proteins during the assembly of the head of bacteriophage t4. Example Website. Available from: https://example.com (Accessed: 2024-01-15).

=== 缺失多个关键字段测试 ===
✅ [APA][journal] 无期刊信息
   输出: Laemmli, U. K. (1970). Cleavage of structural proteins during the assembly of the head of bacteriophage t4. https://doi.org/10.1038/227680a0.
✅ [APA][book] 无期刊信息
   输出: Laemmli, U. K. (1970). *Cleavage of structural proteins during the assembly of the head of bacteriophage t4*. Nature Publishing Group.
✅ [APA][conference] 无期刊信息
   输出: Laemmli, U. K. (1970). Cleavage of structural proteins during the assembly of the head of bacteriophage t4. In *International Conference on Molecular Biology*, Nature Publishing Group.
✅ [APA][thesis] 无期刊信息
   输出: Laemmli, U. K. (1970). *Cleavage of structural proteins during the assembly of the head of bacteriophage t4*. [Doctoral dissertation, Harvard University].
✅ [APA][web] 无期刊信息
   输出: Laemmli, U. K. (1970). Cleavage of structural proteins during the assembly of the head of bacteriophage t4. *Example Website*. https://example.com.
✅ [MLA][journal] 无期刊信息
   输出: Laemmli, U. K, "Cleavage of Structural Proteins During the Assembly of the Head of Bacteriophage T4", 1970.
✅ [MLA][book] 无期刊信息
   输出: Laemmli, U. K, *Cleavage of Structural Proteins During the Assembly of the Head of Bacteriophage T4*, Nature Publishing Group, 1970.
✅ [MLA][conference] 无期刊信息
   输出: Laemmli, U. K, "Cleavage of Structural Proteins During the Assembly of the Head of Bacteriophage T4", *International Conference on Molecular Biology*, 1970.
✅ [MLA][thesis] 无期刊信息
   输出: Laemmli, U. K. "Cleavage of Structural Proteins During the Assembly of the Head of Bacteriophage T4". Doctoral dissertation, Harvard University, 1970.
✅ [MLA][web] 无期刊信息
   输出: Laemmli, U. K. "Cleavage of Structural Proteins During the Assembly of the Head of Bacteriophage T4". Example Website. 2024-01-01. https://example.com. Accessed 2024-01-15.
✅ [CHICAGO][journal] 无期刊信息
   输出: Laemmli, U. K "Cleavage of Structural Proteins During the Assembly of the Head of Bacteriophage T4." (1970).
✅ [CHICAGO][book] 无期刊信息
   输出: Laemmli, U. K. *Cleavage of Structural Proteins During the Assembly of the Head of Bacteriophage T4*. New York: Nature Publishing Group, 1970.
✅ [CHICAGO][conference] 无期刊信息
   输出: Laemmli, U. K. "Cleavage of Structural Proteins During the Assembly of the Head of Bacteriophage T4.". In *International Conference on Molecular Biology*, Nature Publishing Group, 1970.
✅ [CHICAGO][thesis] 无期刊信息
   输出: Laemmli, U. K. "Cleavage of Structural Proteins During the Assembly of the Head of Bacteriophage T4.". Doctoral dissertation, Harvard University, 1970.
✅ [CHICAGO][web] 无期刊信息
   输出: Laemmli, U. K. "Cleavage of Structural Proteins During the Assembly of the Head of Bacteriophage T4.". Example Website. Accessed 2024-01-15. https://example.com.
✅ [GBT7714][journal] 无期刊信息
   输出: Laemmli U K. Cleavage of Structural Proteins during the Assembly of the Head of Bacteriophage T4[J]. 1970.
✅ [GBT7714][book] 无期刊信息
   输出: Laemmli U K. Cleavage of Structural Proteins during the Assembly of the Head of Bacteriophage T4[M]. New York: Nature Publishing Group, 1970.
✅ [GBT7714][conference] 无期刊信息
   输出: Laemmli U K. Cleavage of Structural Proteins during the Assembly of the Head of Bacteriophage T4[C].//International Conference on Molecular Biology. New York: Nature Publishing Group, 1970.
✅ [GBT7714][thesis] 无期刊信息
   输出: Laemmli U K. Cleavage of Structural Proteins during the Assembly of the Head of Bacteriophage T4[D]. : Harvard University, 1970.
❌ [GBT7714][web] 无期刊信息
   输出: Laemmli U K. Cleavage of Structural Proteins during the Assembly of the Head of Bacteriophage T4[EB/OL]. ()[2024-01-15]. https://example.com
   问题: 缺少末尾句号, 空括号
✅ [IEEE][journal] 无期刊信息
   输出: U. K. Laemmli, "Cleavage of Structural Proteins during the Assembly of the Head of Bacteriophage T4", Aug 1970.
✅ [IEEE][book] 无期刊信息
   输出: U. K. Laemmli, *Cleavage of Structural Proteins during the Assembly of the Head of Bacteriophage T4*, New York: Nature Publishing Group, 1970.
✅ [IEEE][conference] 无期刊信息
   输出: U. K. Laemmli, "Cleavage of Structural Proteins during the Assembly of the Head of Bacteriophage T4", in *International Conference on Molecular Biology*, Nature Publishing Group, 1970.
✅ [IEEE][thesis] 无期刊信息
   输出: U. K. Laemmli, "Cleavage of Structural Proteins during the Assembly of the Head of Bacteriophage T4", Ph.D. dissertation, Harvard University, 1970.
✅ [IEEE][web] 无期刊信息
   输出: U. K. Laemmli, "Cleavage of Structural Proteins during the Assembly of the Head of Bacteriophage T4", Example Website, 2024-01-01. [Online]. Available: https://example.com.
✅ [HARVARD][journal] 无期刊信息
   输出: Laemmli, U. K. 1970. Cleavage of structural proteins during the assembly of the head of bacteriophage t4.
✅ [HARVARD][book] 无期刊信息
   输出: Laemmli, U. K. 1970. *Cleavage of structural proteins during the assembly of the head of bacteriophage t4*. New York: Nature Publishing Group.
✅ [HARVARD][conference] 无期刊信息
   输出: Laemmli, U. K. 1970. Cleavage of structural proteins during the assembly of the head of bacteriophage t4. In: *International Conference on Molecular Biology*, Nature Publishing Group.
✅ [HARVARD][thesis] 无期刊信息
   输出: Laemmli, U. K. 1970. *Cleavage of structural proteins during the assembly of the head of bacteriophage t4*. Harvard University.
✅ [HARVARD][web] 无期刊信息
   输出: Laemmli, U. K. 1970. Cleavage of structural proteins during the assembly of the head of bacteriophage t4. Example Website. Available from: https://example.com (Accessed: 2024-01-15).
✅ [APA][journal] 无出版信息
   输出: Laemmli, U. K. (n.d.). Cleavage of structural proteins during the assembly of the head of bacteriophage t4. *Nature*, *227*(5259), 680-685, https://doi.org/10.1038/227680a0.
✅ [APA][book] 无出版信息
   输出: Laemmli, U. K. (n.d.). *Cleavage of structural proteins during the assembly of the head of bacteriophage t4*.
✅ [APA][conference] 无出版信息
   输出: Laemmli, U. K. (n.d.). Cleavage of structural proteins during the assembly of the head of bacteriophage t4. In *International Conference on Molecular Biology*, pp. 680-685.
✅ [APA][thesis] 无出版信息
   输出: Laemmli, U. K. (n.d.). *Cleavage of structural proteins during the assembly of the head of bacteriophage t4*. [Doctoral dissertation, Harvard University].
✅ [APA][web] 无出版信息
   输出: Laemmli, U. K. (n.d.). Cleavage of structural proteins during the assembly of the head of bacteriophage t4. *Example Website*. https://example.com.
✅ [MLA][journal] 无出版信息
   输出: Laemmli, U. K, "Cleavage of Structural Proteins During the Assembly of the Head of Bacteriophage T4", *Nature*, vol. 227, no. 5259, pp. 680-685.
✅ [MLA][book] 无出版信息
   输出: Laemmli, U. K, *Cleavage of Structural Proteins During the Assembly of the Head of Bacteriophage T4*.
✅ [MLA][conference] 无出版信息
   输出: Laemmli, U. K, "Cleavage of Structural Proteins During the Assembly of the Head of Bacteriophage T4", *International Conference on Molecular Biology*, pp. 680-685.
✅ [MLA][thesis] 无出版信息
   输出: Laemmli, U. K. "Cleavage of Structural Proteins During the Assembly of the Head of Bacteriophage T4". Doctoral dissertation, Harvard University.
✅ [MLA][web] 无出版信息
   输出: Laemmli, U. K. "Cleavage of Structural Proteins During the Assembly of the Head of Bacteriophage T4". Example Website. 2024-01-01. https://example.com. Accessed 2024-01-15.
✅ [CHICAGO][journal] 无出版信息
   输出: Laemmli, U. K "Cleavage of Structural Proteins During the Assembly of the Head of Bacteriophage T4." *Nature* 227 no. 5259 : 680-685.
✅ [CHICAGO][book] 无出版信息
   输出: Laemmli, U. K. *Cleavage of Structural Proteins During the Assembly of the Head of Bacteriophage T4*.
✅ [CHICAGO][conference] 无出版信息
   输出: Laemmli, U. K. "Cleavage of Structural Proteins During the Assembly of the Head of Bacteriophage T4.". In *International Conference on Molecular Biology*, pp. 680-685.
✅ [CHICAGO][thesis] 无出版信息
   输出: Laemmli, U. K. "Cleavage of Structural Proteins During the Assembly of the Head of Bacteriophage T4.". Doctoral dissertation, Harvard University.
✅ [CHICAGO][web] 无出版信息
   输出: Laemmli, U. K. "Cleavage of Structural Proteins During the Assembly of the Head of Bacteriophage T4.". Example Website. Accessed 2024-01-15. https://example.com.
✅ [GBT7714][journal] 无出版信息
   输出: Laemmli U K. Cleavage of Structural Proteins during the Assembly of the Head of Bacteriophage T4[J]. Nature, 227(5259): 680-685.
✅ [GBT7714][book] 无出版信息
   输出: Laemmli U K. Cleavage of Structural Proteins during the Assembly of the Head of Bacteriophage T4[M].
✅ [GBT7714][conference] 无出版信息
   输出: Laemmli U K. Cleavage of Structural Proteins during the Assembly of the Head of Bacteriophage T4[C].//International Conference on Molecular Biology.: 680-685.
✅ [GBT7714][thesis] 无出版信息
   输出: Laemmli U K. Cleavage of Structural Proteins during the Assembly of the Head of Bacteriophage T4[D]. : Harvard University.
❌ [GBT7714][web] 无出版信息
   输出: Laemmli U K. Cleavage of Structural Proteins during the Assembly of the Head of Bacteriophage T4[EB/OL]. ()[2024-01-15]. https://example.com
   问题: 缺少末尾句号, 空括号
✅ [IEEE][journal] 无出版信息
   输出: U. K. Laemmli, "Cleavage of Structural Proteins during the Assembly of the Head of Bacteriophage T4", *Nature*, vol. 227, no. 5259, pp. 680-685, Aug.
✅ [IEEE][book] 无出版信息
   输出: U. K. Laemmli, *Cleavage of Structural Proteins during the Assembly of the Head of Bacteriophage T4*.
✅ [IEEE][conference] 无出版信息
   输出: U. K. Laemmli, "Cleavage of Structural Proteins during the Assembly of the Head of Bacteriophage T4", in *International Conference on Molecular Biology*, pp. 680-685.
✅ [IEEE][thesis] 无出版信息
   输出: U. K. Laemmli, "Cleavage of Structural Proteins during the Assembly of the Head of Bacteriophage T4", Ph.D. dissertation, Harvard University.
✅ [IEEE][web] 无出版信息
   输出: U. K. Laemmli, "Cleavage of Structural Proteins during the Assembly of the Head of Bacteriophage T4", Example Website, 2024-01-01. [Online]. Available: https://example.com.
✅ [HARVARD][journal] 无出版信息
   输出: Laemmli, U. K. Cleavage of structural proteins during the assembly of the head of bacteriophage t4. *Nature*, 227(5259), pp. 680-685.
✅ [HARVARD][book] 无出版信息
   输出: Laemmli, U. K. *Cleavage of structural proteins during the assembly of the head of bacteriophage t4*.
✅ [HARVARD][conference] 无出版信息
   输出: Laemmli, U. K. Cleavage of structural proteins during the assembly of the head of bacteriophage t4. In: *International Conference on Molecular Biology*, pp. 680-685.
✅ [HARVARD][thesis] 无出版信息
   输出: Laemmli, U. K. *Cleavage of structural proteins during the assembly of the head of bacteriophage t4*. Harvard University.
✅ [HARVARD][web] 无出版信息
   输出: Laemmli, U. K. Cleavage of structural proteins during the assembly of the head of bacteriophage t4. Example Website. Available from: https://example.com (Accessed: 2024-01-15).
✅ [APA][journal] 无标识信息
   输出: Laemmli, U. K. (1970). *Nature*, *227*(5259), 680-685.
❌ [APA][book] 无标识信息
   输出: Laemmli, U. K. (1970). **. Nature Publishing Group.
   问题: 双星号
✅ [APA][conference] 无标识信息
   输出: Laemmli, U. K. (1970). In *International Conference on Molecular Biology*, pp. 680-685, Nature Publishing Group.
❌ [APA][thesis] 无标识信息
   输出: Laemmli, U. K. (1970). **. [Doctoral dissertation, Harvard University].
   问题: 双星号
✅ [APA][web] 无标识信息
   输出: Laemmli, U. K. (1970). *Example Website*.
✅ [MLA][journal] 无标识信息
   输出: Laemmli, U. K, *Nature*, vol. 227, no. 5259, 1970, pp. 680-685.
✅ [MLA][book] 无标识信息
   输出: Laemmli, U. K, Nature Publishing Group, 1970.
✅ [MLA][conference] 无标识信息
   输出: Laemmli, U. K, *International Conference on Molecular Biology*, 1970, pp. 680-685.
✅ [MLA][thesis] 无标识信息
   输出: Laemmli, U. K. Doctoral dissertation, Harvard University, 1970.
✅ [MLA][web] 无标识信息
   输出: Laemmli, U. K. Example Website. 2024-01-01. Accessed 2024-01-15.
✅ [CHICAGO][journal] 无标识信息
   输出: Laemmli, U. K *Nature* 227 no. 5259 (1970) : 680-685.
✅ [CHICAGO][book] 无标识信息
   输出: Laemmli, U. K. New York: Nature Publishing Group, 1970.
✅ [CHICAGO][conference] 无标识信息
   输出: Laemmli, U. K. In *International Conference on Molecular Biology*, pp. 680-685, Nature Publishing Group, 1970.
✅ [CHICAGO][thesis] 无标识信息
   输出: Laemmli, U. K. Doctoral dissertation, Harvard University, 1970.
✅ [CHICAGO][web] 无标识信息
   输出: Laemmli, U. K. Example Website. Accessed 2024-01-15.
✅ [GBT7714][journal] 无标识信息
   输出: Laemmli U K. [J]. Nature, 1970, 227(5259): 680-685.
✅ [GBT7714][book] 无标识信息
   输出: Laemmli U K. [M]. New York: Nature Publishing Group, 1970.
✅ [GBT7714][conference] 无标识信息
   输出: Laemmli U K. [C].//International Conference on Molecular Biology. New York: Nature Publishing Group, 1970: 680-685.
✅ [GBT7714][thesis] 无标识信息
   输出: Laemmli U K. [D]. : Harvard University, 1970.
❌ [GBT7714][web] 无标识信息
   输出: Laemmli U K. [EB/OL]. ()[2024-01-15].
   问题: 空括号
✅ [IEEE][journal] 无标识信息
   输出: U. K. Laemmli, *Nature*, vol. 227, no. 5259, pp. 680-685, Aug 1970.
✅ [IEEE][book] 无标识信息
   输出: U. K. Laemmli, New York: Nature Publishing Group, 1970.
✅ [IEEE][conference] 无标识信息
   输出: U. K. Laemmli, in *International Conference on Molecular Biology*, pp. 680-685, Nature Publishing Group, 1970.
✅ [IEEE][thesis] 无标识信息
   输出: U. K. Laemmli, Ph.D. dissertation, Harvard University, 1970.
✅ [IEEE][web] 无标识信息
   输出: U. K. Laemmli, Example Website, 2024-01-01.
✅ [HARVARD][journal] 无标识信息
   输出: Laemmli, U. K. 1970. *Nature*, 227(5259), pp. 680-685.
✅ [HARVARD][book] 无标识信息
   输出: Laemmli, U. K. 1970. New York: Nature Publishing Group.
✅ [HARVARD][conference] 无标识信息
   输出: Laemmli, U. K. 1970. In: *International Conference on Molecular Biology*, pp. 680-685, Nature Publishing Group.
✅ [HARVARD][thesis] 无标识信息
   输出: Laemmli, U. K. 1970. Harvard University.
✅ [HARVARD][web] 无标识信息
   输出: Laemmli, U. K. 1970. Example Website.
✅ [APA][journal] 仅作者+标题
   输出: Laemmli, U. K. (n.d.). Cleavage of structural proteins during the assembly of the head of bacteriophage t4.
✅ [APA][book] 仅作者+标题
   输出: Laemmli, U. K. (n.d.). *Cleavage of structural proteins during the assembly of the head of bacteriophage t4*.
✅ [APA][conference] 仅作者+标题
   输出: Laemmli, U. K. (n.d.). Cleavage of structural proteins during the assembly of the head of bacteriophage t4.
✅ [APA][thesis] 仅作者+标题
   输出: Laemmli, U. K. (n.d.). *Cleavage of structural proteins during the assembly of the head of bacteriophage t4*.
✅ [APA][web] 仅作者+标题
   输出: Laemmli, U. K. (n.d.). Cleavage of structural proteins during the assembly of the head of bacteriophage t4.
✅ [MLA][journal] 仅作者+标题
   输出: Laemmli, U. K, "Cleavage of Structural Proteins During the Assembly of the Head of Bacteriophage T4".
✅ [MLA][book] 仅作者+标题
   输出: Laemmli, U. K, *Cleavage of Structural Proteins During the Assembly of the Head of Bacteriophage T4*.
✅ [MLA][conference] 仅作者+标题
   输出: Laemmli, U. K, "Cleavage of Structural Proteins During the Assembly of the Head of Bacteriophage T4".
✅ [MLA][thesis] 仅作者+标题
   输出: Laemmli, U. K. "Cleavage of Structural Proteins During the Assembly of the Head of Bacteriophage T4". Doctoral dissertation.
✅ [MLA][web] 仅作者+标题
   输出: Laemmli, U. K. "Cleavage of Structural Proteins During the Assembly of the Head of Bacteriophage T4".
✅ [CHICAGO][journal] 仅作者+标题
   输出: Laemmli, U. K "Cleavage of Structural Proteins During the Assembly of the Head of Bacteriophage T4.".
✅ [CHICAGO][book] 仅作者+标题
   输出: Laemmli, U. K. *Cleavage of Structural Proteins During the Assembly of the Head of Bacteriophage T4*.
✅ [CHICAGO][conference] 仅作者+标题
   输出: Laemmli, U. K. "Cleavage of Structural Proteins During the Assembly of the Head of Bacteriophage T4.".
✅ [CHICAGO][thesis] 仅作者+标题
   输出: Laemmli, U. K. "Cleavage of Structural Proteins During the Assembly of the Head of Bacteriophage T4.". Doctoral dissertation.
✅ [CHICAGO][web] 仅作者+标题
   输出: Laemmli, U. K. "Cleavage of Structural Proteins During the Assembly of the Head of Bacteriophage T4.".
✅ [GBT7714][journal] 仅作者+标题
   输出: Laemmli U K. Cleavage of Structural Proteins during the Assembly of the Head of Bacteriophage T4[J].
✅ [GBT7714][book] 仅作者+标题
   输出: Laemmli U K. Cleavage of Structural Proteins during the Assembly of the Head of Bacteriophage T4[M].
✅ [GBT7714][conference] 仅作者+标题
   输出: Laemmli U K. Cleavage of Structural Proteins during the Assembly of the Head of Bacteriophage T4[C].
✅ [GBT7714][thesis] 仅作者+标题
   输出: Laemmli U K. Cleavage of Structural Proteins during the Assembly of the Head of Bacteriophage T4[D].
✅ [GBT7714][web] 仅作者+标题
   输出: Laemmli U K. Cleavage of Structural Proteins during the Assembly of the Head of Bacteriophage T4[EB/OL].
✅ [IEEE][journal] 仅作者+标题
   输出: U. K. Laemmli, "Cleavage of Structural Proteins during the Assembly of the Head of Bacteriophage T4".
✅ [IEEE][book] 仅作者+标题
   输出: U. K. Laemmli, *Cleavage of Structural Proteins during the Assembly of the Head of Bacteriophage T4*.
✅ [IEEE][conference] 仅作者+标题
   输出: U. K. Laemmli, "Cleavage of Structural Proteins during the Assembly of the Head of Bacteriophage T4".
✅ [IEEE][thesis] 仅作者+标题
   输出: U. K. Laemmli, "Cleavage of Structural Proteins during the Assembly of the Head of Bacteriophage T4", Ph.D. dissertation.
✅ [IEEE][web] 仅作者+标题
   输出: U. K. Laemmli, "Cleavage of Structural Proteins during the Assembly of the Head of Bacteriophage T4".
✅ [HARVARD][journal] 仅作者+标题
   输出: Laemmli, U. K. Cleavage of structural proteins during the assembly of the head of bacteriophage t4.
✅ [HARVARD][book] 仅作者+标题
   输出: Laemmli, U. K. *Cleavage of structural proteins during the assembly of the head of bacteriophage t4*.
✅ [HARVARD][conference] 仅作者+标题
   输出: Laemmli, U. K. Cleavage of structural proteins during the assembly of the head of bacteriophage t4.
✅ [HARVARD][thesis] 仅作者+标题
   输出: Laemmli, U. K. *Cleavage of structural proteins during the assembly of the head of bacteriophage t4*.
✅ [HARVARD][web] 仅作者+标题
   输出: Laemmli, U. K. Cleavage of structural proteins during the assembly of the head of bacteriophage t4.

=== 边界情况测试 ===
✅ [APA][journal] 无作者
   输出: Unknown Author. (1970). Cleavage of structural proteins during the assembly of the head of bacteriophage t4. *Nature*, *227*(5259), 680-685, https://doi.org/10.1038/227680a0.
✅ [APA][book] 无作者
   输出: Unknown Author. (1970). *Cleavage of structural proteins during the assembly of the head of bacteriophage t4*. Nature Publishing Group.
✅ [APA][conference] 无作者
   输出: Unknown Author. (1970). Cleavage of structural proteins during the assembly of the head of bacteriophage t4. In *International Conference on Molecular Biology*, pp. 680-685, Nature Publishing Group.
✅ [APA][thesis] 无作者
   输出: Unknown Author. (1970). *Cleavage of structural proteins during the assembly of the head of bacteriophage t4*. [Doctoral dissertation, Harvard University].
✅ [APA][web] 无作者
   输出: Unknown Author. (1970). Cleavage of structural proteins during the assembly of the head of bacteriophage t4. *Example Website*. https://example.com.
✅ [MLA][journal] 无作者
   输出: Unknown Author, "Cleavage of Structural Proteins During the Assembly of the Head of Bacteriophage T4", *Nature*, vol. 227, no. 5259, 1970, pp. 680-685.
✅ [MLA][book] 无作者
   输出: Unknown Author, *Cleavage of Structural Proteins During the Assembly of the Head of Bacteriophage T4*, Nature Publishing Group, 1970.
✅ [MLA][conference] 无作者
   输出: Unknown Author, "Cleavage of Structural Proteins During the Assembly of the Head of Bacteriophage T4", *International Conference on Molecular Biology*, 1970, pp. 680-685.
✅ [MLA][thesis] 无作者
   输出: Unknown Author. "Cleavage of Structural Proteins During the Assembly of the Head of Bacteriophage T4". Doctoral dissertation, Harvard University, 1970.
✅ [MLA][web] 无作者
   输出: Unknown Author. "Cleavage of Structural Proteins During the Assembly of the Head of Bacteriophage T4". Example Website. 2024-01-01. https://example.com. Accessed 2024-01-15.
✅ [CHICAGO][journal] 无作者
   输出: Unknown Author "Cleavage of Structural Proteins During the Assembly of the Head of Bacteriophage T4." *Nature* 227 no. 5259 (1970) : 680-685.
✅ [CHICAGO][book] 无作者
   输出: Unknown Author. *Cleavage of Structural Proteins During the Assembly of the Head of Bacteriophage T4*. New York: Nature Publishing Group, 1970.
✅ [CHICAGO][conference] 无作者
   输出: Unknown Author. "Cleavage of Structural Proteins During the Assembly of the Head of Bacteriophage T4.". In *International Conference on Molecular Biology*, pp. 680-685, Nature Publishing Group, 1970.
✅ [CHICAGO][thesis] 无作者
   输出: Unknown Author. "Cleavage of Structural Proteins During the Assembly of the Head of Bacteriophage T4.". Doctoral dissertation, Harvard University, 1970.
✅ [CHICAGO][web] 无作者
   输出: Unknown Author. "Cleavage of Structural Proteins During the Assembly of the Head of Bacteriophage T4.". Example Website. Accessed 2024-01-15. https://example.com.
✅ [GBT7714][journal] 无作者
   输出: Unknown Author. Cleavage of Structural Proteins during the Assembly of the Head of Bacteriophage T4[J]. Nature, 1970, 227(5259): 680-685.
✅ [GBT7714][book] 无作者
   输出: Unknown Author. Cleavage of Structural Proteins during the Assembly of the Head of Bacteriophage T4[M]. New York: Nature Publishing Group, 1970.
✅ [GBT7714][conference] 无作者
   输出: Unknown Author. Cleavage of Structural Proteins during the Assembly of the Head of Bacteriophage T4[C].//International Conference on Molecular Biology. New York: Nature Publishing Group, 1970: 680-685.
✅ [GBT7714][thesis] 无作者
   输出: Unknown Author. Cleavage of Structural Proteins during the Assembly of the Head of Bacteriophage T4[D]. : Harvard University, 1970.
❌ [GBT7714][web] 无作者
   输出: Unknown Author. Cleavage of Structural Proteins during the Assembly of the Head of Bacteriophage T4[EB/OL]. ()[2024-01-15]. https://example.com
   问题: 缺少末尾句号, 空括号
✅ [IEEE][journal] 无作者
   输出: Unknown Author, "Cleavage of Structural Proteins during the Assembly of the Head of Bacteriophage T4", *Nature*, vol. 227, no. 5259, pp. 680-685, Aug 1970.
✅ [IEEE][book] 无作者
   输出: Unknown Author, *Cleavage of Structural Proteins during the Assembly of the Head of Bacteriophage T4*, New York: Nature Publishing Group, 1970.
✅ [IEEE][conference] 无作者
   输出: Unknown Author, "Cleavage of Structural Proteins during the Assembly of the Head of Bacteriophage T4", in *International Conference on Molecular Biology*, pp. 680-685, Nature Publishing Group, 1970.
✅ [IEEE][thesis] 无作者
   输出: Unknown Author, "Cleavage of Structural Proteins during the Assembly of the Head of Bacteriophage T4", Ph.D. dissertation, Harvard University, 1970.
✅ [IEEE][web] 无作者
   输出: Unknown Author, "Cleavage of Structural Proteins during the Assembly of the Head of Bacteriophage T4", Example Website, 2024-01-01. [Online]. Available: https://example.com.
✅ [HARVARD][journal] 无作者
   输出: Unknown Author. 1970. Cleavage of structural proteins during the assembly of the head of bacteriophage t4. *Nature*, 227(5259), pp. 680-685.
✅ [HARVARD][book] 无作者
   输出: Unknown Author. 1970. *Cleavage of structural proteins during the assembly of the head of bacteriophage t4*. New York: Nature Publishing Group.
✅ [HARVARD][conference] 无作者
   输出: Unknown Author. 1970. Cleavage of structural proteins during the assembly of the head of bacteriophage t4. In: *International Conference on Molecular Biology*, pp. 680-685, Nature Publishing Group.
✅ [HARVARD][thesis] 无作者
   输出: Unknown Author. 1970. *Cleavage of structural proteins during the assembly of the head of bacteriophage t4*. Harvard University.
✅ [HARVARD][web] 无作者
   输出: Unknown Author. 1970. Cleavage of structural proteins during the assembly of the head of bacteriophage t4. Example Website. Available from: https://example.com (Accessed: 2024-01-15).
❌ [APA][journal] 中文作者
   输出: 李, . (1970). Cleavage of structural proteins during the assembly of the head of bacteriophage t4. *Nature*, *227*(5259), 680-685, https://doi.org/10.1038/227680a0.
   问题: 逗号+句号, 空格+句号（非末尾）
❌ [APA][book] 中文作者
   输出: 李, . (1970). *Cleavage of structural proteins during the assembly of the head of bacteriophage t4*. Nature Publishing Group.
   问题: 逗号+句号, 空格+句号（非末尾）
❌ [APA][conference] 中文作者
   输出: 李, . (1970). Cleavage of structural proteins during the assembly of the head of bacteriophage t4. In *International Conference on Molecular Biology*, pp. 680-685, Nature Publishing Group.
   问题: 逗号+句号, 空格+句号（非末尾）
❌ [APA][thesis] 中文作者
   输出: 李, . (1970). *Cleavage of structural proteins during the assembly of the head of bacteriophage t4*. [Doctoral dissertation, Harvard University].
   问题: 逗号+句号, 空格+句号（非末尾）
❌ [APA][web] 中文作者
   输出: 李, . (1970). Cleavage of structural proteins during the assembly of the head of bacteriophage t4. *Example Website*. https://example.com.
   问题: 逗号+句号, 空格+句号（非末尾）
✅ [MLA][journal] 中文作者
   输出: 李, 明, "Cleavage of Structural Proteins During the Assembly of the Head of Bacteriophage T4", *Nature*, vol. 227, no. 5259, 1970, pp. 680-685.
✅ [MLA][book] 中文作者
   输出: 李, 明, *Cleavage of Structural Proteins During the Assembly of the Head of Bacteriophage T4*, Nature Publishing Group, 1970.
✅ [MLA][conference] 中文作者
   输出: 李, 明, "Cleavage of Structural Proteins During the Assembly of the Head of Bacteriophage T4", *International Conference on Molecular Biology*, 1970, pp. 680-685.
✅ [MLA][thesis] 中文作者
   输出: 李, 明. "Cleavage of Structural Proteins During the Assembly of the Head of Bacteriophage T4". Doctoral dissertation, Harvard University, 1970.
✅ [MLA][web] 中文作者
   输出: 李, 明. "Cleavage of Structural Proteins During the Assembly of the Head of Bacteriophage T4". Example Website. 2024-01-01. https://example.com. Accessed 2024-01-15.
✅ [CHICAGO][journal] 中文作者
   输出: 李, 明 "Cleavage of Structural Proteins During the Assembly of the Head of Bacteriophage T4." *Nature* 227 no. 5259 (1970) : 680-685.
✅ [CHICAGO][book] 中文作者
   输出: 李, 明. *Cleavage of Structural Proteins During the Assembly of the Head of Bacteriophage T4*. New York: Nature Publishing Group, 1970.
✅ [CHICAGO][conference] 中文作者
   输出: 李, 明. "Cleavage of Structural Proteins During the Assembly of the Head of Bacteriophage T4.". In *International Conference on Molecular Biology*, pp. 680-685, Nature Publishing Group, 1970.
✅ [CHICAGO][thesis] 中文作者
   输出: 李, 明. "Cleavage of Structural Proteins During the Assembly of the Head of Bacteriophage T4.". Doctoral dissertation, Harvard University, 1970.
✅ [CHICAGO][web] 中文作者
   输出: 李, 明. "Cleavage of Structural Proteins During the Assembly of the Head of Bacteriophage T4.". Example Website. Accessed 2024-01-15. https://example.com.
✅ [GBT7714][journal] 中文作者
   输出: 李明. Cleavage of Structural Proteins during the Assembly of the Head of Bacteriophage T4[J]. Nature, 1970, 227(5259): 680-685.
✅ [GBT7714][book] 中文作者
   输出: 李明. Cleavage of Structural Proteins during the Assembly of the Head of Bacteriophage T4[M]. New York: Nature Publishing Group, 1970.
✅ [GBT7714][conference] 中文作者
   输出: 李明. Cleavage of Structural Proteins during the Assembly of the Head of Bacteriophage T4[C].//International Conference on Molecular Biology. New York: Nature Publishing Group, 1970: 680-685.
✅ [GBT7714][thesis] 中文作者
   输出: 李明. Cleavage of Structural Proteins during the Assembly of the Head of Bacteriophage T4[D]. : Harvard University, 1970.
❌ [GBT7714][web] 中文作者
   输出: 李明. Cleavage of Structural Proteins during the Assembly of the Head of Bacteriophage T4[EB/OL]. ()[2024-01-15]. https://example.com
   问题: 缺少末尾句号, 空括号
✅ [IEEE][journal] 中文作者
   输出:  李, "Cleavage of Structural Proteins during the Assembly of the Head of Bacteriophage T4", *Nature*, vol. 227, no. 5259, pp. 680-685, Aug 1970.
✅ [IEEE][book] 中文作者
   输出:  李, *Cleavage of Structural Proteins during the Assembly of the Head of Bacteriophage T4*, New York: Nature Publishing Group, 1970.
✅ [IEEE][conference] 中文作者
   输出:  李, "Cleavage of Structural Proteins during the Assembly of the Head of Bacteriophage T4", in *International Conference on Molecular Biology*, pp. 680-685, Nature Publishing Group, 1970.
✅ [IEEE][thesis] 中文作者
   输出:  李, "Cleavage of Structural Proteins during the Assembly of the Head of Bacteriophage T4", Ph.D. dissertation, Harvard University, 1970.
✅ [IEEE][web] 中文作者
   输出:  李, "Cleavage of Structural Proteins during the Assembly of the Head of Bacteriophage T4", Example Website, 2024-01-01. [Online]. Available: https://example.com.
❌ [HARVARD][journal] 中文作者
   输出: 李, . 1970. Cleavage of structural proteins during the assembly of the head of bacteriophage t4. *Nature*, 227(5259), pp. 680-685.
   问题: 逗号+句号, 空格+句号（非末尾）
❌ [HARVARD][book] 中文作者
   输出: 李, . 1970. *Cleavage of structural proteins during the assembly of the head of bacteriophage t4*. New York: Nature Publishing Group.
   问题: 逗号+句号, 空格+句号（非末尾）
❌ [HARVARD][conference] 中文作者
   输出: 李, . 1970. Cleavage of structural proteins during the assembly of the head of bacteriophage t4. In: *International Conference on Molecular Biology*, pp. 680-685, Nature Publishing Group.
   问题: 逗号+句号, 空格+句号（非末尾）
❌ [HARVARD][thesis] 中文作者
   输出: 李, . 1970. *Cleavage of structural proteins during the assembly of the head of bacteriophage t4*. Harvard University.
   问题: 逗号+句号, 空格+句号（非末尾）
❌ [HARVARD][web] 中文作者
   输出: 李, . 1970. Cleavage of structural proteins during the assembly of the head of bacteriophage t4. Example Website. Available from: https://example.com (Accessed: 2024-01-15).
   问题: 逗号+句号, 空格+句号（非末尾）
❌ [APA][journal] 只有姓
   输出: Smith, . (1970). Cleavage of structural proteins during the assembly of the head of bacteriophage t4. *Nature*, *227*(5259), 680-685, https://doi.org/10.1038/227680a0.
   问题: 逗号+句号, 空格+句号（非末尾）
❌ [APA][book] 只有姓
   输出: Smith, . (1970). *Cleavage of structural proteins during the assembly of the head of bacteriophage t4*. Nature Publishing Group.
   问题: 逗号+句号, 空格+句号（非末尾）
❌ [APA][conference] 只有姓
   输出: Smith, . (1970). Cleavage of structural proteins during the assembly of the head of bacteriophage t4. In *International Conference on Molecular Biology*, pp. 680-685, Nature Publishing Group.
   问题: 逗号+句号, 空格+句号（非末尾）
❌ [APA][thesis] 只有姓
   输出: Smith, . (1970). *Cleavage of structural proteins during the assembly of the head of bacteriophage t4*. [Doctoral dissertation, Harvard University].
   问题: 逗号+句号, 空格+句号（非末尾）
❌ [APA][web] 只有姓
   输出: Smith, . (1970). Cleavage of structural proteins during the assembly of the head of bacteriophage t4. *Example Website*. https://example.com.
   问题: 逗号+句号, 空格+句号（非末尾）
❌ [MLA][journal] 只有姓
   输出: Smith, , "Cleavage of Structural Proteins During the Assembly of the Head of Bacteriophage T4", *Nature*, vol. 227, no. 5259, 1970, pp. 680-685.
   问题: 空格+逗号
❌ [MLA][book] 只有姓
   输出: Smith, , *Cleavage of Structural Proteins During the Assembly of the Head of Bacteriophage T4*, Nature Publishing Group, 1970.
   问题: 空格+逗号
❌ [MLA][conference] 只有姓
   输出: Smith, , "Cleavage of Structural Proteins During the Assembly of the Head of Bacteriophage T4", *International Conference on Molecular Biology*, 1970, pp. 680-685.
   问题: 空格+逗号
❌ [MLA][thesis] 只有姓
   输出: Smith, . "Cleavage of Structural Proteins During the Assembly of the Head of Bacteriophage T4". Doctoral dissertation, Harvard University, 1970.
   问题: 逗号+句号, 空格+句号（非末尾）
❌ [MLA][web] 只有姓
   输出: Smith, . "Cleavage of Structural Proteins During the Assembly of the Head of Bacteriophage T4". Example Website. 2024-01-01. https://example.com. Accessed 2024-01-15.
   问题: 逗号+句号, 空格+句号（非末尾）
✅ [CHICAGO][journal] 只有姓
   输出: Smith, "Cleavage of Structural Proteins During the Assembly of the Head of Bacteriophage T4." *Nature* 227 no. 5259 (1970) : 680-685.
❌ [CHICAGO][book] 只有姓
   输出: Smith, . *Cleavage of Structural Proteins During the Assembly of the Head of Bacteriophage T4*. New York: Nature Publishing Group, 1970.
   问题: 逗号+句号, 空格+句号（非末尾）
❌ [CHICAGO][conference] 只有姓
   输出: Smith, . "Cleavage of Structural Proteins During the Assembly of the Head of Bacteriophage T4.". In *International Conference on Molecular Biology*, pp. 680-685, Nature Publishing Group, 1970.
   问题: 逗号+句号, 空格+句号（非末尾）
❌ [CHICAGO][thesis] 只有姓
   输出: Smith, . "Cleavage of Structural Proteins During the Assembly of the Head of Bacteriophage T4.". Doctoral dissertation, Harvard University, 1970.
   问题: 逗号+句号, 空格+句号（非末尾）
❌ [CHICAGO][web] 只有姓
   输出: Smith, . "Cleavage of Structural Proteins During the Assembly of the Head of Bacteriophage T4.". Example Website. Accessed 2024-01-15. https://example.com.
   问题: 逗号+句号, 空格+句号（非末尾）
✅ [GBT7714][journal] 只有姓
   输出: Smith. Cleavage of Structural Proteins during the Assembly of the Head of Bacteriophage T4[J]. Nature, 1970, 227(5259): 680-685.
✅ [GBT7714][book] 只有姓
   输出: Smith. Cleavage of Structural Proteins during the Assembly of the Head of Bacteriophage T4[M]. New York: Nature Publishing Group, 1970.
✅ [GBT7714][conference] 只有姓
   输出: Smith. Cleavage of Structural Proteins during the Assembly of the Head of Bacteriophage T4[C].//International Conference on Molecular Biology. New York: Nature Publishing Group, 1970: 680-685.
✅ [GBT7714][thesis] 只有姓
   输出: Smith. Cleavage of Structural Proteins during the Assembly of the Head of Bacteriophage T4[D]. : Harvard University, 1970.
❌ [GBT7714][web] 只有姓
   输出: Smith. Cleavage of Structural Proteins during the Assembly of the Head of Bacteriophage T4[EB/OL]. ()[2024-01-15]. https://example.com
   问题: 缺少末尾句号, 空括号
✅ [IEEE][journal] 只有姓
   输出:  Smith, "Cleavage of Structural Proteins during the Assembly of the Head of Bacteriophage T4", *Nature*, vol. 227, no. 5259, pp. 680-685, Aug 1970.
✅ [IEEE][book] 只有姓
   输出:  Smith, *Cleavage of Structural Proteins during the Assembly of the Head of Bacteriophage T4*, New York: Nature Publishing Group, 1970.
✅ [IEEE][conference] 只有姓
   输出:  Smith, "Cleavage of Structural Proteins during the Assembly of the Head of Bacteriophage T4", in *International Conference on Molecular Biology*, pp. 680-685, Nature Publishing Group, 1970.
✅ [IEEE][thesis] 只有姓
   输出:  Smith, "Cleavage of Structural Proteins during the Assembly of the Head of Bacteriophage T4", Ph.D. dissertation, Harvard University, 1970.
✅ [IEEE][web] 只有姓
   输出:  Smith, "Cleavage of Structural Proteins during the Assembly of the Head of Bacteriophage T4", Example Website, 2024-01-01. [Online]. Available: https://example.com.
❌ [HARVARD][journal] 只有姓
   输出: Smith, . 1970. Cleavage of structural proteins during the assembly of the head of bacteriophage t4. *Nature*, 227(5259), pp. 680-685.
   问题: 逗号+句号, 空格+句号（非末尾）
❌ [HARVARD][book] 只有姓
   输出: Smith, . 1970. *Cleavage of structural proteins during the assembly of the head of bacteriophage t4*. New York: Nature Publishing Group.
   问题: 逗号+句号, 空格+句号（非末尾）
❌ [HARVARD][conference] 只有姓
   输出: Smith, . 1970. Cleavage of structural proteins during the assembly of the head of bacteriophage t4. In: *International Conference on Molecular Biology*, pp. 680-685, Nature Publishing Group.
   问题: 逗号+句号, 空格+句号（非末尾）
❌ [HARVARD][thesis] 只有姓
   输出: Smith, . 1970. *Cleavage of structural proteins during the assembly of the head of bacteriophage t4*. Harvard University.
   问题: 逗号+句号, 空格+句号（非末尾）
❌ [HARVARD][web] 只有姓
   输出: Smith, . 1970. Cleavage of structural proteins during the assembly of the head of bacteriophage t4. Example Website. Available from: https://example.com (Accessed: 2024-01-15).
   问题: 逗号+句号, 空格+句号（非末尾）
✅ [APA][journal] 三位作者
   输出: Smith, J., Doe, J. & Brown, B. (1970). Cleavage of structural proteins during the assembly of the head of bacteriophage t4. *Nature*, *227*(5259), 680-685, https://doi.org/10.1038/227680a0.
✅ [APA][book] 三位作者
   输出: Smith, J., Doe, J. & Brown, B. (1970). *Cleavage of structural proteins during the assembly of the head of bacteriophage t4*. Nature Publishing Group.
✅ [APA][conference] 三位作者
   输出: Smith, J., Doe, J. & Brown, B. (1970). Cleavage of structural proteins during the assembly of the head of bacteriophage t4. In *International Conference on Molecular Biology*, pp. 680-685, Nature Publishing Group.
✅ [APA][thesis] 三位作者
   输出: Smith, J., Doe, J. & Brown, B. (1970). *Cleavage of structural proteins during the assembly of the head of bacteriophage t4*. [Doctoral dissertation, Harvard University].
✅ [APA][web] 三位作者
   输出: Smith, J., Doe, J. & Brown, B. (1970). Cleavage of structural proteins during the assembly of the head of bacteriophage t4. *Example Website*. https://example.com.
✅ [MLA][journal] 三位作者
   输出: Smith, John, Doe, Jane, and Brown, Bob, "Cleavage of Structural Proteins During the Assembly of the Head of Bacteriophage T4", *Nature*, vol. 227, no. 5259, 1970, pp. 680-685.
✅ [MLA][book] 三位作者
   输出: Smith, John, Doe, Jane, and Brown, Bob, *Cleavage of Structural Proteins During the Assembly of the Head of Bacteriophage T4*, Nature Publishing Group, 1970.
✅ [MLA][conference] 三位作者
   输出: Smith, John, Doe, Jane, and Brown, Bob, "Cleavage of Structural Proteins During the Assembly of the Head of Bacteriophage T4", *International Conference on Molecular Biology*, 1970, pp. 680-685.
✅ [MLA][thesis] 三位作者
   输出: Smith, John, Doe, Jane, and Brown, Bob. "Cleavage of Structural Proteins During the Assembly of the Head of Bacteriophage T4". Doctoral dissertation, Harvard University, 1970.
✅ [MLA][web] 三位作者
   输出: Smith, John, Doe, Jane, and Brown, Bob. "Cleavage of Structural Proteins During the Assembly of the Head of Bacteriophage T4". Example Website. 2024-01-01. https://example.com. Accessed 2024-01-15.
✅ [CHICAGO][journal] 三位作者
   输出: Smith, John, Doe, Jane, and Brown, Bob "Cleavage of Structural Proteins During the Assembly of the Head of Bacteriophage T4." *Nature* 227 no. 5259 (1970) : 680-685.
✅ [CHICAGO][book] 三位作者
   输出: Smith, John, Doe, Jane, and Brown, Bob. *Cleavage of Structural Proteins During the Assembly of the Head of Bacteriophage T4*. New York: Nature Publishing Group, 1970.
✅ [CHICAGO][conference] 三位作者
   输出: Smith, John, Doe, Jane, and Brown, Bob. "Cleavage of Structural Proteins During the Assembly of the Head of Bacteriophage T4.". In *International Conference on Molecular Biology*, pp. 680-685, Nature Publishing Group, 1970.
✅ [CHICAGO][thesis] 三位作者
   输出: Smith, John, Doe, Jane, and Brown, Bob. "Cleavage of Structural Proteins During the Assembly of the Head of Bacteriophage T4.". Doctoral dissertation, Harvard University, 1970.
✅ [CHICAGO][web] 三位作者
   输出: Smith, John, Doe, Jane, and Brown, Bob. "Cleavage of Structural Proteins During the Assembly of the Head of Bacteriophage T4.". Example Website. Accessed 2024-01-15. https://example.com.
✅ [GBT7714][journal] 三位作者
   输出: Smith J, Doe J, Brown B. Cleavage of Structural Proteins during the Assembly of the Head of Bacteriophage T4[J]. Nature, 1970, 227(5259): 680-685.
✅ [GBT7714][book] 三位作者
   输出: Smith J, Doe J, Brown B. Cleavage of Structural Proteins during the Assembly of the Head of Bacteriophage T4[M]. New York: Nature Publishing Group, 1970.
✅ [GBT7714][conference] 三位作者
   输出: Smith J, Doe J, Brown B. Cleavage of Structural Proteins during the Assembly of the Head of Bacteriophage T4[C].//International Conference on Molecular Biology. New York: Nature Publishing Group, 1970: 680-685.
✅ [GBT7714][thesis] 三位作者
   输出: Smith J, Doe J, Brown B. Cleavage of Structural Proteins during the Assembly of the Head of Bacteriophage T4[D]. : Harvard University, 1970.
❌ [GBT7714][web] 三位作者
   输出: Smith J, Doe J, Brown B. Cleavage of Structural Proteins during the Assembly of the Head of Bacteriophage T4[EB/OL]. ()[2024-01-15]. https://example.com
   问题: 缺少末尾句号, 空括号
✅ [IEEE][journal] 三位作者
   输出: J. Smith, J. Doe, and B. Brown, "Cleavage of Structural Proteins during the Assembly of the Head of Bacteriophage T4", *Nature*, vol. 227, no. 5259, pp. 680-685, Aug 1970.
✅ [IEEE][book] 三位作者
   输出: J. Smith, J. Doe, and B. Brown, *Cleavage of Structural Proteins during the Assembly of the Head of Bacteriophage T4*, New York: Nature Publishing Group, 1970.
✅ [IEEE][conference] 三位作者
   输出: J. Smith, J. Doe, and B. Brown, "Cleavage of Structural Proteins during the Assembly of the Head of Bacteriophage T4", in *International Conference on Molecular Biology*, pp. 680-685, Nature Publishing Group, 1970.
✅ [IEEE][thesis] 三位作者
   输出: J. Smith, J. Doe, and B. Brown, "Cleavage of Structural Proteins during the Assembly of the Head of Bacteriophage T4", Ph.D. dissertation, Harvard University, 1970.
✅ [IEEE][web] 三位作者
   输出: J. Smith, J. Doe, and B. Brown, "Cleavage of Structural Proteins during the Assembly of the Head of Bacteriophage T4", Example Website, 2024-01-01. [Online]. Available: https://example.com.
✅ [HARVARD][journal] 三位作者
   输出: Smith, J., Doe, J., and Brown, B. 1970. Cleavage of structural proteins during the assembly of the head of bacteriophage t4. *Nature*, 227(5259), pp. 680-685.
✅ [HARVARD][book] 三位作者
   输出: Smith, J., Doe, J., and Brown, B. 1970. *Cleavage of structural proteins during the assembly of the head of bacteriophage t4*. New York: Nature Publishing Group.
✅ [HARVARD][conference] 三位作者
   输出: Smith, J., Doe, J., and Brown, B. 1970. Cleavage of structural proteins during the assembly of the head of bacteriophage t4. In: *International Conference on Molecular Biology*, pp. 680-685, Nature Publishing Group.
✅ [HARVARD][thesis] 三位作者
   输出: Smith, J., Doe, J., and Brown, B. 1970. *Cleavage of structural proteins during the assembly of the head of bacteriophage t4*. Harvard University.
✅ [HARVARD][web] 三位作者
   输出: Smith, J., Doe, J., and Brown, B. 1970. Cleavage of structural proteins during the assembly of the head of bacteriophage t4. Example Website. Available from: https://example.com (Accessed: 2024-01-15).

=== 测试结果: 604 通过, 56 失败 ===
